Archive member included to satisfy reference by file (symbol)

lib/libDaisy/build/libdaisy.a(daisy_seed.o)
                              build/Main.o (daisy::DaisySeed::Configure())
lib/libDaisy/build/libdaisy.a(codec_ak4556.o)
                              lib/libDaisy/build/libdaisy.a(daisy_seed.o) (daisy::Ak4556::Init(dsy_gpio_pin))
lib/libDaisy/build/libdaisy.a(codec_wm8731.o)
                              lib/libDaisy/build/libdaisy.a(daisy_seed.o) (daisy::Wm8731::Init(daisy::Wm8731::Config const&, daisy::I2CHandle))
lib/libDaisy/build/libdaisy.a(sdram.o)
                              lib/libDaisy/build/libdaisy.a(daisy_seed.o) (SdramHandle::Init())
lib/libDaisy/build/libdaisy.a(audio.o)
                              lib/libDaisy/build/libdaisy.a(daisy_seed.o) (daisy::AudioHandle::Init(daisy::AudioHandle::Config const&, daisy::SaiHandle))
lib/libDaisy/build/libdaisy.a(gpio.o)
                              lib/libDaisy/build/libdaisy.a(daisy_seed.o) (dsy_gpio_init)
lib/libDaisy/build/libdaisy.a(i2c.o)
                              lib/libDaisy/build/libdaisy.a(daisy_seed.o) (daisy::I2CHandle::Init(daisy::I2CHandle::Config const&))
lib/libDaisy/build/libdaisy.a(qspi.o)
                              lib/libDaisy/build/libdaisy.a(daisy_seed.o) (daisy::QSPIHandle::Init(daisy::QSPIHandle::Config const&))
lib/libDaisy/build/libdaisy.a(sai.o)
                              lib/libDaisy/build/libdaisy.a(daisy_seed.o) (daisy::SaiHandle::Init(daisy::SaiHandle::Config const&))
lib/libDaisy/build/libdaisy.a(system.o)
                              lib/libDaisy/build/libdaisy.a(daisy_seed.o) (daisy::System::DeInit())
lib/libDaisy/build/libdaisy.a(system_stm32h7xx.o)
                              build/startup_stm32h750xx.o (SystemInit)
lib/libDaisy/build/libdaisy.a(usbd_conf.o)
                              lib/libDaisy/build/libdaisy.a(system.o) (hpcd_USB_OTG_HS)
lib/libDaisy/build/libdaisy.a(usbh_conf.o)
                              lib/libDaisy/build/libdaisy.a(system.o) (hhcd_USB_OTG_HS)
lib/libDaisy/build/libdaisy.a(hal_map.o)
                              lib/libDaisy/build/libdaisy.a(gpio.o) (dsy_hal_map_get_port)
lib/libDaisy/build/libdaisy.a(stm32h7xx_hal.o)
                              lib/libDaisy/build/libdaisy.a(system.o) (HAL_Init)
lib/libDaisy/build/libdaisy.a(stm32h7xx_hal_cortex.o)
                              lib/libDaisy/build/libdaisy.a(stm32h7xx_hal.o) (HAL_NVIC_SetPriorityGrouping)
lib/libDaisy/build/libdaisy.a(stm32h7xx_hal_dma.o)
                              lib/libDaisy/build/libdaisy.a(i2c.o) (HAL_DMA_Init)
lib/libDaisy/build/libdaisy.a(stm32h7xx_hal_gpio.o)
                              lib/libDaisy/build/libdaisy.a(sdram.o) (HAL_GPIO_Init)
lib/libDaisy/build/libdaisy.a(stm32h7xx_hal_hcd.o)
                              lib/libDaisy/build/libdaisy.a(usbh_conf.o) (HAL_HCD_HC_Init)
lib/libDaisy/build/libdaisy.a(stm32h7xx_hal_i2c.o)
                              lib/libDaisy/build/libdaisy.a(i2c.o) (HAL_I2C_Init)
lib/libDaisy/build/libdaisy.a(stm32h7xx_hal_i2c_ex.o)
                              lib/libDaisy/build/libdaisy.a(i2c.o) (HAL_I2CEx_ConfigAnalogFilter)
lib/libDaisy/build/libdaisy.a(stm32h7xx_hal_pcd.o)
                              lib/libDaisy/build/libdaisy.a(usbd_conf.o) (HAL_PCD_Init)
lib/libDaisy/build/libdaisy.a(stm32h7xx_hal_pcd_ex.o)
                              lib/libDaisy/build/libdaisy.a(usbd_conf.o) (HAL_PCDEx_SetTxFiFo)
lib/libDaisy/build/libdaisy.a(stm32h7xx_hal_pwr_ex.o)
                              lib/libDaisy/build/libdaisy.a(system.o) (HAL_PWREx_ConfigSupply)
lib/libDaisy/build/libdaisy.a(stm32h7xx_hal_qspi.o)
                              lib/libDaisy/build/libdaisy.a(qspi.o) (HAL_QSPI_Init)
lib/libDaisy/build/libdaisy.a(stm32h7xx_hal_rcc.o)
                              lib/libDaisy/build/libdaisy.a(system.o) (HAL_RCC_OscConfig)
lib/libDaisy/build/libdaisy.a(stm32h7xx_hal_rcc_ex.o)
                              lib/libDaisy/build/libdaisy.a(system.o) (HAL_RCCEx_PeriphCLKConfig)
lib/libDaisy/build/libdaisy.a(stm32h7xx_hal_sai.o)
                              lib/libDaisy/build/libdaisy.a(sai.o) (HAL_SAI_InitProtocol)
lib/libDaisy/build/libdaisy.a(stm32h7xx_hal_sdram.o)
                              lib/libDaisy/build/libdaisy.a(sdram.o) (HAL_SDRAM_Init)
lib/libDaisy/build/libdaisy.a(stm32h7xx_ll_fmc.o)
                              lib/libDaisy/build/libdaisy.a(stm32h7xx_hal_sdram.o) (FMC_SDRAM_Init)
lib/libDaisy/build/libdaisy.a(stm32h7xx_ll_usb.o)
                              lib/libDaisy/build/libdaisy.a(stm32h7xx_hal_hcd.o) (USB_CoreInit)
lib/libDaisy/build/libdaisy.a(usbd_core.o)
                              lib/libDaisy/build/libdaisy.a(usbd_conf.o) (USBD_LL_SetupStage)
lib/libDaisy/build/libdaisy.a(usbd_ctlreq.o)
                              lib/libDaisy/build/libdaisy.a(usbd_core.o) (USBD_StdDevReq)
lib/libDaisy/build/libdaisy.a(usbd_ioreq.o)
                              lib/libDaisy/build/libdaisy.a(usbd_ctlreq.o) (USBD_CtlSendData)
[...]
Memory Configuration

Name             Origin             Length             Attributes
FLASH            0x0000000008000000 0x0000000000020000 xr
DTCMRAM          0x0000000020000000 0x0000000000020000 xrw
SRAM             0x0000000024000000 0x0000000000080000 xrw
RAM_D2           0x0000000030000000 0x0000000000048000 xrw
RAM_D3           0x0000000038000000 0x0000000000010000 xrw
ITCMRAM          0x0000000000000000 0x0000000000010000 xrw
SDRAM            0x00000000c0000000 0x0000000004000000 xrw
QSPIFLASH        0x0000000090000000 0x0000000000800000 xr
*default*        0x0000000000000000 0xffffffffffffffff

Linker script and memory map

LOAD /Library/DaisyToolchain/0.1.3-ARM/arm/bin/../lib/gcc/arm-none-eabi/10.3.1/thumb/v7e-m+dp/hard/crti.o
LOAD /Library/DaisyToolchain/0.1.3-ARM/arm/bin/../lib/gcc/arm-none-eabi/10.3.1/thumb/v7e-m+dp/hard/crtbegin.o
LOAD /Library/DaisyToolchain/0.1.3-ARM/arm/bin/../lib/gcc/arm-none-eabi/10.3.1/../../../../arm-none-eabi/lib/thumb/v7e-m+dp/hard/crt0.o
LOAD build/startup_stm32h750xx.o
LOAD build/FeedbackDelay.o
LOAD build/Filter.o
LOAD build/Main.o
LOAD lib/libDaisy/build/libdaisy.a
LOAD /Library/DaisyToolchain/0.1.3-ARM/arm/bin/../lib/gcc/arm-none-eabi/10.3.1/../../../../arm-none-eabi/lib/thumb/v7e-m+dp/hard/libnosys.a
LOAD lib/DaisySP/build/libdaisysp.a
LOAD /Library/DaisyToolchain/0.1.3-ARM/arm/bin/../lib/gcc/arm-none-eabi/10.3.1/../../../../arm-none-eabi/lib/thumb/v7e-m+dp/hard/libstdc++_nano.a
LOAD /Library/DaisyToolchain/0.1.3-ARM/arm/bin/../lib/gcc/arm-none-eabi/10.3.1/../../../../arm-none-eabi/lib/thumb/v7e-m+dp/hard/libm.a
LOAD /Library/DaisyToolchain/0.1.3-ARM/arm/bin/../lib/gcc/arm-none-eabi/10.3.1/../../../../arm-none-eabi/lib/thumb/v7e-m+dp/hard/libc_nano.a
START GROUP
LOAD /Library/DaisyToolchain/0.1.3-ARM/arm/bin/../lib/gcc/arm-none-eabi/10.3.1/thumb/v7e-m+dp/hard/libgcc.a
LOAD /Library/DaisyToolchain/0.1.3-ARM/arm/bin/../lib/gcc/arm-none-eabi/10.3.1/../../../../arm-none-eabi/lib/thumb/v7e-m+dp/hard/libc_nano.a
END GROUP
START GROUP
LOAD /Library/DaisyToolchain/0.1.3-ARM/arm/bin/../lib/gcc/arm-none-eabi/10.3.1/thumb/v7e-m+dp/hard/libgcc.a
LOAD /Library/DaisyToolchain/0.1.3-ARM/arm/bin/../lib/gcc/arm-none-eabi/10.3.1/../../../../arm-none-eabi/lib/thumb/v7e-m+dp/hard/libc_nano.a
LOAD /Library/DaisyToolchain/0.1.3-ARM/arm/bin/../lib/gcc/arm-none-eabi/10.3.1/../../../../arm-none-eabi/lib/thumb/v7e-m+dp/hard/libnosys.a
END GROUP
START GROUP
LOAD /Library/DaisyToolchain/0.1.3-ARM/arm/bin/../lib/gcc/arm-none-eabi/10.3.1/thumb/v7e-m+dp/hard/libgcc.a
LOAD /Library/DaisyToolchain/0.1.3-ARM/arm/bin/../lib/gcc/arm-none-eabi/10.3.1/../../../../arm-none-eabi/lib/thumb/v7e-m+dp/hard/libc_nano.a
LOAD /Library/DaisyToolchain/0.1.3-ARM/arm/bin/../lib/gcc/arm-none-eabi/10.3.1/../../../../arm-none-eabi/lib/thumb/v7e-m+dp/hard/libnosys.a
END GROUP
LOAD /Library/DaisyToolchain/0.1.3-ARM/arm/bin/../lib/gcc/arm-none-eabi/10.3.1/thumb/v7e-m+dp/hard/crtend.o
LOAD /Library/DaisyToolchain/0.1.3-ARM/arm/bin/../lib/gcc/arm-none-eabi/10.3.1/thumb/v7e-m+dp/hard/crtn.o
                0x0000000020020000                _estack = 0x20020000

.isr_vector     0x0000000008000000      0x298
                0x0000000008000000                . = ALIGN (0x4)
 *(.isr_vector)
 .isr_vector    0x0000000008000000      0x298 build/startup_stm32h750xx.o
                0x0000000008000000                g_pfnVectors
                0x0000000008000298                . = ALIGN (0x4)

.text           0x0000000008000298    0x106e0
                0x0000000008000298                . = ALIGN (0x4)
                0x0000000008000298                _stext = .
 *(.text)
 .text          0x0000000008000298       0x40 /Library/DaisyToolchain/0.1.3-ARM/arm/bin/../lib/gcc/arm-none-eabi/10.3.1/thumb/v7e-m+dp/hard/crtbegin.o
 .text          0x00000000080002d8      0x378 /Library/DaisyToolchain/0.1.3-ARM/arm/bin/../lib/gcc/arm-none-eabi/10.3.1/thumb/v7e-m+dp/hard/libgcc.a(_arm_addsubdf3.o)
                0x00000000080002d8                __aeabi_drsub
                0x00000000080002e0                __subdf3
                0x00000000080002e0                __aeabi_dsub
                0x00000000080002e4                __aeabi_dadd
                0x00000000080002e4                __adddf3
                0x000000000800055c                __aeabi_ui2d
                0x000000000800055c                __floatunsidf
                0x000000000800057c                __floatsidf
                0x000000000800057c                __aeabi_i2d
                0x00000000080005a0                __extendsfdf2
                0x00000000080005a0                __aeabi_f2d
                0x00000000080005e4                __aeabi_ul2d
                0x00000000080005e4                __floatundidf
                0x00000000080005f4                __aeabi_l2d
                0x00000000080005f4                __floatdidf
 .text          0x0000000008000650       0x30 /Library/DaisyToolchain/0.1.3-ARM/arm/bin/../lib/gcc/arm-none-eabi/10.3.1/thumb/v7e-m+dp/hard/libgcc.a(_aeabi_uldivmod.o)
                0x0000000008000650                __aeabi_uldivmod
 .text          0x0000000008000680      0x2d0 /Library/DaisyToolchain/0.1.3-ARM/arm/bin/../lib/gcc/arm-none-eabi/10.3.1/thumb/v7e-m+dp/hard/libgcc.a(_udivmoddi4.o)
                0x0000000008000680                __udivmoddi4
 .text          0x0000000008000950        0x4 /Library/DaisyToolchain/0.1.3-ARM/arm/bin/../lib/gcc/arm-none-eabi/10.3.1/thumb/v7e-m+dp/hard/libgcc.a(_dvmd_tls.o)
                0x0000000008000950                __aeabi_ldiv0
                0x0000000008000950                __aeabi_idiv0
 *(.text*)
 .text.Default_Handler
                0x0000000008000954        0x4 build/startup_stm32h750xx.o
                0x0000000008000954                SAI1_IRQHandler
                0x0000000008000954                HASH_RNG_IRQHandler
                0x0000000008000954                EXTI2_IRQHandler
                0x0000000008000954                TIM8_CC_IRQHandler
                0x0000000008000954                HRTIM1_Master_IRQHandler
                0x0000000008000954                DebugMon_Handler
                0x0000000008000954                TIM1_CC_IRQHandler
                0x0000000008000954                BDMA_Channel6_IRQHandler
                0x0000000008000954                DMA2_Stream5_IRQHandler
                0x0000000008000954                HRTIM1_FLT_IRQHandler
                0x0000000008000954                JPEG_IRQHandler
                0x0000000008000954                BDMA_Channel1_IRQHandler
                0x0000000008000954                HRTIM1_TIMD_IRQHandler
                0x0000000008000954                TAMP_STAMP_IRQHandler
                0x0000000008000954                PendSV_Handler
                0x0000000008000954                NMI_Handler
                0x0000000008000954                EXTI3_IRQHandler
                0x0000000008000954                LPTIM4_IRQHandler
                0x0000000008000954                TIM8_TRG_COM_TIM14_IRQHandler
                0x0000000008000954                LPTIM2_IRQHandler
                0x0000000008000954                DFSDM1_FLT1_IRQHandler
                0x0000000008000954                DMAMUX2_OVR_IRQHandler
                0x0000000008000954                TIM8_UP_TIM13_IRQHandler
                0x0000000008000954                I2C3_ER_IRQHandler
                0x0000000008000954                DFSDM1_FLT2_IRQHandler
                0x0000000008000954                MDMA_IRQHandler
                0x0000000008000954                LPTIM3_IRQHandler
                0x0000000008000954                HSEM1_IRQHandler
                0x0000000008000954                EXTI0_IRQHandler
                0x0000000008000954                DMA1_Stream2_IRQHandler
                0x0000000008000954                FPU_IRQHandler
                0x0000000008000954                OTG_HS_WKUP_IRQHandler
                0x0000000008000954                FDCAN1_IT1_IRQHandler
                0x0000000008000954                UsageFault_Handler
                0x0000000008000954                LTDC_ER_IRQHandler
                0x0000000008000954                HRTIM1_TIME_IRQHandler
                0x0000000008000954                TIM6_DAC_IRQHandler
                0x0000000008000954                DCMI_IRQHandler
                0x0000000008000954                HRTIM1_TIMC_IRQHandler
                0x0000000008000954                SAI2_IRQHandler
                0x0000000008000954                DFSDM1_FLT3_IRQHandler
                0x0000000008000954                TIM17_IRQHandler
                0x0000000008000954                CRYP_IRQHandler
                0x0000000008000954                BDMA_Channel7_IRQHandler
                0x0000000008000954                LPTIM5_IRQHandler
                0x0000000008000954                ADC3_IRQHandler
                0x0000000008000954                DMA2_Stream0_IRQHandler
                0x0000000008000954                BDMA_Channel2_IRQHandler
                0x0000000008000954                DMAMUX1_OVR_IRQHandler
                0x0000000008000954                TIM16_IRQHandler
                0x0000000008000954                BDMA_Channel5_IRQHandler
                0x0000000008000954                RCC_IRQHandler
                0x0000000008000954                TIM8_BRK_TIM12_IRQHandler
                0x0000000008000954                TIM1_TRG_COM_IRQHandler
                0x0000000008000954                Default_Handler
                0x0000000008000954                ECC_IRQHandler
                0x0000000008000954                CEC_IRQHandler
                0x0000000008000954                EXTI15_10_IRQHandler
                0x0000000008000954                BDMA_Channel0_IRQHandler
                0x0000000008000954                ADC_IRQHandler
                0x0000000008000954                DMA1_Stream7_IRQHandler
                0x0000000008000954                HRTIM1_TIMA_IRQHandler
                0x0000000008000954                TIM7_IRQHandler
                0x0000000008000954                SDMMC1_IRQHandler
                0x0000000008000954                DMA2_Stream7_IRQHandler
                0x0000000008000954                TIM15_IRQHandler
                0x0000000008000954                PVD_AVD_IRQHandler
                0x0000000008000954                EXTI9_5_IRQHandler
                0x0000000008000954                RTC_WKUP_IRQHandler
                0x0000000008000954                LTDC_IRQHandler
                0x0000000008000954                SAI3_IRQHandler
                0x0000000008000954                ETH_WKUP_IRQHandler
                0x0000000008000954                SPDIF_RX_IRQHandler
                0x0000000008000954                MemManage_Handler
                0x0000000008000954                SVC_Handler
                0x0000000008000954                CRS_IRQHandler
                0x0000000008000954                EXTI4_IRQHandler
                0x0000000008000954                HRTIM1_TIMB_IRQHandler
                0x0000000008000954                FDCAN2_IT1_IRQHandler
                0x0000000008000954                ETH_IRQHandler
                0x0000000008000954                TIM1_UP_IRQHandler
                0x0000000008000954                BDMA_Channel4_IRQHandler
                0x0000000008000954                WWDG_IRQHandler
                0x0000000008000954                SPI6_IRQHandler
                0x0000000008000954                I2C4_EV_IRQHandler
                0x0000000008000954                MDIOS_IRQHandler
                0x0000000008000954                FDCAN2_IT0_IRQHandler
                0x0000000008000954                FDCAN1_IT0_IRQHandler
                0x0000000008000954                OTG_FS_WKUP_IRQHandler
                0x0000000008000954                DMA2D_IRQHandler
                0x0000000008000954                TIM1_BRK_IRQHandler
                0x0000000008000954                EXTI1_IRQHandler
                0x0000000008000954                SDMMC2_IRQHandler
                0x0000000008000954                OTG_FS_EP1_OUT_IRQHandler
                0x0000000008000954                BDMA_Channel3_IRQHandler
                0x0000000008000954                MDIOS_WKUP_IRQHandler
                0x0000000008000954                DFSDM1_FLT0_IRQHandler
                0x0000000008000954                SAI4_IRQHandler
                0x0000000008000954                I2C2_ER_IRQHandler
                0x0000000008000954                DMA2_Stream1_IRQHandler
                0x0000000008000954                FLASH_IRQHandler
                0x0000000008000954                BusFault_Handler
                0x0000000008000954                OTG_FS_IRQHandler
                0x0000000008000954                WAKEUP_PIN_IRQHandler
                0x0000000008000954                OTG_FS_EP1_IN_IRQHandler
                0x0000000008000954                I2C1_ER_IRQHandler
                0x0000000008000954                FMC_IRQHandler
                0x0000000008000954                FDCAN_CAL_IRQHandler
                0x0000000008000954                SWPMI1_IRQHandler
                0x0000000008000954                COMP1_IRQHandler
                0x0000000008000954                LPTIM1_IRQHandler
                0x0000000008000954                I2C4_ER_IRQHandler
                0x0000000008000954                DMA2_Stream6_IRQHandler
                0x0000000008000954                RTC_Alarm_IRQHandler
 .text.Reset_Handler
                0x0000000008000958       0x44 build/startup_stm32h750xx.o
                0x0000000008000958                Reset_Handler
 .text._ZN5daisy9DaisySeedD2Ev
                0x000000000800099c        0x4 build/Main.o
                0x000000000800099c                daisy::DaisySeed::~DaisySeed()
                0x000000000800099c                daisy::DaisySeed::~DaisySeed()
 .text._ZN7daisysp6ChorusD2Ev
                0x00000000080009a0        0x4 build/Main.o
                0x00000000080009a0                daisysp::Chorus::~Chorus()
                0x00000000080009a0                daisysp::Chorus::~Chorus()
 .text._ZN7daisysp9OverdriveD2Ev
                0x00000000080009a4        0x4 build/Main.o
                0x00000000080009a4                daisysp::Overdrive::~Overdrive()
                0x00000000080009a4                daisysp::Overdrive::~Overdrive()
 .text._Z13AudioCallbackPKfPfj
                0x00000000080009a8      0x300 build/Main.o
                0x00000000080009a8                AudioCallback(float const*, float*, unsigned int)
 .text.startup.main
                0x0000000008000ca8       0xe8 build/Main.o
                0x0000000008000ca8                main
 .text.startup._GLOBAL__sub_I_hardware
                0x0000000008000d90       0x58 build/Main.o
 .text._ZN5daisy9DaisySeed9ConfigureEv
                0x0000000008000de8        0x4 lib/libDaisy/build/libdaisy.a(daisy_seed.o)
                0x0000000008000de8                daisy::DaisySeed::Configure()
 .text._ZN5daisy9DaisySeed10StartAudioEPFvPKfPfjE
                0x0000000008000dec        0x8 lib/libDaisy/build/libdaisy.a(daisy_seed.o)
                0x0000000008000dec                daisy::DaisySeed::StartAudio(void (*)(float const*, float*, unsigned int))
 .text._ZN5daisy9DaisySeed15AudioSampleRateEv
                0x0000000008000df4        0x8 lib/libDaisy/build/libdaisy.a(daisy_seed.o)
                0x0000000008000df4                daisy::DaisySeed::AudioSampleRate()
 .text._ZN5daisy9DaisySeed17SetAudioBlockSizeEj
                0x0000000008000dfc       0x38 lib/libDaisy/build/libdaisy.a(daisy_seed.o)
                0x0000000008000dfc                daisy::DaisySeed::SetAudioBlockSize(unsigned int)
 .text._ZN5daisy9DaisySeed6SetLedEb
                0x0000000008000e34        0x8 lib/libDaisy/build/libdaisy.a(daisy_seed.o)
                0x0000000008000e34                daisy::DaisySeed::SetLed(bool)
 .text._ZN5daisy9DaisySeed14ConfigureAudioEv
                0x0000000008000e3c       0xd0 lib/libDaisy/build/libdaisy.a(daisy_seed.o)
                0x0000000008000e3c                daisy::DaisySeed::ConfigureAudio()
 .text._ZN5daisy9DaisySeed4InitEb
                0x0000000008000f0c       0xf0 lib/libDaisy/build/libdaisy.a(daisy_seed.o)
                0x0000000008000f0c                daisy::DaisySeed::Init(bool)
 .text._ZN5daisy6Ak45564InitE12dsy_gpio_pin
                0x0000000008000ffc       0x44 lib/libDaisy/build/libdaisy.a(codec_ak4556.o)
                0x0000000008000ffc                daisy::Ak4556::Init(dsy_gpio_pin)
 .text._ZN5daisy6Wm873120WriteControlRegisterEht
                0x0000000008001040       0x3c lib/libDaisy/build/libdaisy.a(codec_wm8731.o)
                0x0000000008001040                daisy::Wm8731::WriteControlRegister(unsigned char, unsigned short)
 .text._ZN5daisy6Wm87314InitERKNS0_6ConfigENS_9I2CHandleE
                0x000000000800107c      0x1bc lib/libDaisy/build/libdaisy.a(codec_wm8731.o)
                0x000000000800107c                daisy::Wm8731::Init(daisy::Wm8731::Config const&, daisy::I2CHandle)
 .text._ZN11SdramHandle10DeviceInitEv
                0x0000000008001238       0x98 lib/libDaisy/build/libdaisy.a(sdram.o)
                0x0000000008001238                SdramHandle::DeviceInit()
 .text._ZN11SdramHandle4InitEv
                0x00000000080012d0       0x7c lib/libDaisy/build/libdaisy.a(sdram.o)
                0x00000000080012d0                SdramHandle::Init()
 .text.HAL_SDRAM_MspInit
                0x000000000800134c      0x1a8 lib/libDaisy/build/libdaisy.a(sdram.o)
                0x000000000800134c                HAL_SDRAM_MspInit
 .text._ZN5daisy11AudioHandle4Impl16InternalCallbackEPlS2_j
                0x00000000080014f4      0xbbc lib/libDaisy/build/libdaisy.a(audio.o)
                0x00000000080014f4                daisy::AudioHandle::Impl::InternalCallback(long*, long*, unsigned int)
 .text._ZN5daisy11AudioHandle4InitERKNS0_6ConfigENS_9SaiHandleE
                0x00000000080020b0       0x70 lib/libDaisy/build/libdaisy.a(audio.o)
                0x00000000080020b0                daisy::AudioHandle::Init(daisy::AudioHandle::Config const&, daisy::SaiHandle)
 .text._ZNK5daisy11AudioHandle9GetConfigEv
                0x0000000008002120        0x8 lib/libDaisy/build/libdaisy.a(audio.o)
                0x0000000008002120                daisy::AudioHandle::GetConfig() const
 .text._ZN5daisy11AudioHandle12SetBlockSizeEj
                0x0000000008002128       0x1c lib/libDaisy/build/libdaisy.a(audio.o)
                0x0000000008002128                daisy::AudioHandle::SetBlockSize(unsigned int)
 .text._ZN5daisy11AudioHandle13GetSampleRateEv
                0x0000000008002144        0x8 lib/libDaisy/build/libdaisy.a(audio.o)
                0x0000000008002144                daisy::AudioHandle::GetSampleRate()
 .text._ZN5daisy11AudioHandle5StartEPFvPKfPfjE
                0x000000000800214c       0x2c lib/libDaisy/build/libdaisy.a(audio.o)
                0x000000000800214c                daisy::AudioHandle::Start(void (*)(float const*, float*, unsigned int))
 .text.startup._GLOBAL__sub_I__ZN5daisy11AudioHandle4Impl4InitENS0_6ConfigENS_9SaiHandleE
                0x0000000008002178       0x24 lib/libDaisy/build/libdaisy.a(audio.o)
 .text.dsy_gpio_init
                0x000000000800219c      0x1b8 lib/libDaisy/build/libdaisy.a(gpio.o)
                0x000000000800219c                dsy_gpio_init
 .text.dsy_gpio_read
                0x0000000008002354       0x1c lib/libDaisy/build/libdaisy.a(gpio.o)
                0x0000000008002354                dsy_gpio_read
 .text.dsy_gpio_write
                0x0000000008002370       0x24 lib/libDaisy/build/libdaisy.a(gpio.o)
                0x0000000008002370                dsy_gpio_write
 .text._ZN5daisy9I2CHandle4Impl8InitPinsEv
                0x0000000008002394       0x58 lib/libDaisy/build/libdaisy.a(i2c.o)
                0x0000000008002394                daisy::I2CHandle::Impl::InitPins()
 .text.HAL_I2C_MspInit
                0x00000000080023ec      0x1b4 lib/libDaisy/build/libdaisy.a(i2c.o)
                0x00000000080023ec                HAL_I2C_MspInit
 .text.dsy_i2c_global_init
                0x00000000080025a0       0x78 lib/libDaisy/build/libdaisy.a(i2c.o)
                0x00000000080025a0                dsy_i2c_global_init
 .text.DMA1_Stream6_IRQHandler
                0x0000000008002618       0x34 lib/libDaisy/build/libdaisy.a(i2c.o)
                0x0000000008002618                DMA1_Stream6_IRQHandler
 .text.I2C1_EV_IRQHandler
                0x000000000800264c        0xc lib/libDaisy/build/libdaisy.a(i2c.o)
                0x000000000800264c                I2C1_EV_IRQHandler
 .text.I2C2_EV_IRQHandler
                0x0000000008002658        0xc lib/libDaisy/build/libdaisy.a(i2c.o)
                0x0000000008002658                I2C2_EV_IRQHandler
 .text.I2C3_EV_IRQHandler
                0x0000000008002664        0xc lib/libDaisy/build/libdaisy.a(i2c.o)
                0x0000000008002664                I2C3_EV_IRQHandler
 .text._ZN5daisy9I2CHandle4InitERKNS0_6ConfigE
                0x0000000008002670      0x12c lib/libDaisy/build/libdaisy.a(i2c.o)
                0x0000000008002670                daisy::I2CHandle::Init(daisy::I2CHandle::Config const&)
 .text._ZN5daisy9I2CHandle16TransmitBlockingEtPhtm
                0x000000000800279c       0x50 lib/libDaisy/build/libdaisy.a(i2c.o)
                0x000000000800279c                daisy::I2CHandle::TransmitBlocking(unsigned short, unsigned char*, unsigned short, unsigned long)
 .text.startup._GLOBAL__sub_I__ZN5daisy9I2CHandle4Impl10GlobalInitEv
                0x00000000080027ec       0x18 lib/libDaisy/build/libdaisy.a(i2c.o)
 .text._ZN5daisy10QSPIHandle4Impl11WriteEnableEv
                0x0000000008002804       0x8c lib/libDaisy/build/libdaisy.a(qspi.o)
                0x0000000008002804                daisy::QSPIHandle::Impl::WriteEnable()
 .text._ZN5daisy10QSPIHandle4Impl17DummyCyclesConfigENS0_6Config6DeviceE
                0x0000000008002890      0x118 lib/libDaisy/build/libdaisy.a(qspi.o)
                0x0000000008002890                daisy::QSPIHandle::Impl::DummyCyclesConfig(daisy::QSPIHandle::Config::Device)
 .text._ZN5daisy10QSPIHandle4Impl10QuadEnableEv
                0x00000000080029a8      0x158 lib/libDaisy/build/libdaisy.a(qspi.o)
                0x00000000080029a8                daisy::QSPIHandle::Impl::QuadEnable()
 .text._ZN5daisy10QSPIHandle4InitERKNS0_6ConfigE
                0x0000000008002b00      0x198 lib/libDaisy/build/libdaisy.a(qspi.o)
                0x0000000008002b00                daisy::QSPIHandle::Init(daisy::QSPIHandle::Config const&)
 .text.HAL_QSPI_MspInit
                0x0000000008002c98      0x11c lib/libDaisy/build/libdaisy.a(qspi.o)
                0x0000000008002c98                HAL_QSPI_MspInit
 .text.HAL_QSPI_MspDeInit
                0x0000000008002db4       0x54 lib/libDaisy/build/libdaisy.a(qspi.o)
                0x0000000008002db4                HAL_QSPI_MspDeInit
 .text.QUADSPI_IRQHandler
                0x0000000008002e08        0xc lib/libDaisy/build/libdaisy.a(qspi.o)
                0x0000000008002e08                QUADSPI_IRQHandler
 .text.startup._GLOBAL__sub_I__ZN5daisy10QSPIHandle4Impl4InitERKNS0_6ConfigE
                0x0000000008002e14       0x28 lib/libDaisy/build/libdaisy.a(qspi.o)
 .text._ZN5daisy9SaiHandle4Impl7InitDmaENS1_15PeripheralBlockE
                0x0000000008002e3c       0xa0 lib/libDaisy/build/libdaisy.a(sai.o)
                0x0000000008002e3c                daisy::SaiHandle::Impl::InitDma(daisy::SaiHandle::Impl::PeripheralBlock)
 .text._ZN5daisy9SaiHandle4Impl8InitPinsEv
                0x0000000008002edc       0xa8 lib/libDaisy/build/libdaisy.a(sai.o)
                0x0000000008002edc                daisy::SaiHandle::Impl::InitPins()
 .text.HAL_SAI_MspInit
                0x0000000008002f84      0x164 lib/libDaisy/build/libdaisy.a(sai.o)
                0x0000000008002f84                HAL_SAI_MspInit
 .text.DMA1_Stream0_IRQHandler
                0x00000000080030e8        0xc lib/libDaisy/build/libdaisy.a(sai.o)
                0x00000000080030e8                DMA1_Stream0_IRQHandler
 .text.DMA1_Stream1_IRQHandler
                0x00000000080030f4        0xc lib/libDaisy/build/libdaisy.a(sai.o)
                0x00000000080030f4                DMA1_Stream1_IRQHandler
 .text.DMA1_Stream3_IRQHandler
                0x0000000008003100        0xc lib/libDaisy/build/libdaisy.a(sai.o)
                0x0000000008003100                DMA1_Stream3_IRQHandler
 .text.DMA1_Stream4_IRQHandler
                0x000000000800310c        0xc lib/libDaisy/build/libdaisy.a(sai.o)
                0x000000000800310c                DMA1_Stream4_IRQHandler
 .text.HAL_SAI_RxHalfCpltCallback
                0x0000000008003118       0x78 lib/libDaisy/build/libdaisy.a(sai.o)
                0x0000000008003118                HAL_SAI_RxHalfCpltCallback
 .text.HAL_SAI_RxCpltCallback
                0x0000000008003190       0x70 lib/libDaisy/build/libdaisy.a(sai.o)
                0x0000000008003190                HAL_SAI_RxCpltCallback
 .text._ZN5daisy9SaiHandle4InitERKNS0_6ConfigE
                0x0000000008003200      0x1f0 lib/libDaisy/build/libdaisy.a(sai.o)
                0x0000000008003200                daisy::SaiHandle::Init(daisy::SaiHandle::Config const&)
 .text._ZNK5daisy9SaiHandle9GetConfigEv
                0x00000000080033f0        0x4 lib/libDaisy/build/libdaisy.a(sai.o)
                0x00000000080033f0                daisy::SaiHandle::GetConfig() const
 .text._ZN5daisy9SaiHandle8StartDmaEPlS1_jPFvS1_S1_jE
                0x00000000080033f4       0xbc lib/libDaisy/build/libdaisy.a(sai.o)
                0x00000000080033f4                daisy::SaiHandle::StartDma(long*, long*, unsigned int, void (*)(long*, long*, unsigned int))
 .text._ZN5daisy9SaiHandle13GetSampleRateEv
                0x00000000080034b0       0x24 lib/libDaisy/build/libdaisy.a(sai.o)
                0x00000000080034b0                daisy::SaiHandle::GetSampleRate()
 .text._ZNK5daisy9SaiHandle9GetOffsetEv
                0x00000000080034d4        0x8 lib/libDaisy/build/libdaisy.a(sai.o)
                0x00000000080034d4                daisy::SaiHandle::GetOffset() const
 .text._ZN5daisy11TimerHandleD2Ev
                0x00000000080034dc        0x4 lib/libDaisy/build/libdaisy.a(system.o)
                0x00000000080034dc                daisy::TimerHandle::~TimerHandle()
                0x00000000080034dc                daisy::TimerHandle::~TimerHandle()
 .text.SysTick_Handler
                0x00000000080034e0       0x10 lib/libDaisy/build/libdaisy.a(system.o)
                0x00000000080034e0                SysTick_Handler
 .text.OTG_HS_EP1_OUT_IRQHandler
                0x00000000080034f0       0x24 lib/libDaisy/build/libdaisy.a(system.o)
                0x00000000080034f0                OTG_HS_EP1_OUT_IRQHandler
 .text.OTG_HS_EP1_IN_IRQHandler
                0x0000000008003514       0x24 lib/libDaisy/build/libdaisy.a(system.o)
                0x0000000008003514                OTG_HS_EP1_IN_IRQHandler
 .text.OTG_HS_IRQHandler
                0x0000000008003538       0x24 lib/libDaisy/build/libdaisy.a(system.o)
                0x0000000008003538                OTG_HS_IRQHandler
 .text.HardFault_Handler
                0x000000000800355c       0xe0 lib/libDaisy/build/libdaisy.a(system.o)
                0x000000000800355c                HardFault_Handler
 .text._ZN5daisy6System5DelayEm
                0x000000000800363c        0x4 lib/libDaisy/build/libdaisy.a(system.o)
                0x000000000800363c                daisy::System::Delay(unsigned long)
 .text._ZN5daisy6System15ConfigureClocksEv
                0x0000000008003640      0x194 lib/libDaisy/build/libdaisy.a(system.o)
                0x0000000008003640                daisy::System::ConfigureClocks()
 .text._ZN5daisy6System4InitERKNS0_6ConfigE
                0x00000000080037d4      0x140 lib/libDaisy/build/libdaisy.a(system.o)
                0x00000000080037d4                daisy::System::Init(daisy::System::Config const&)
 .text._ZN5daisy6System12GetPClk1FreqEv
                0x0000000008003914        0x4 lib/libDaisy/build/libdaisy.a(system.o)
                0x0000000008003914                daisy::System::GetPClk1Freq()
 .text._ZN5daisy6System22GetProgramMemoryRegionEv
                0x0000000008003918       0x78 lib/libDaisy/build/libdaisy.a(system.o)
                0x0000000008003918                daisy::System::GetProgramMemoryRegion()
 .text.startup._GLOBAL__sub_I_SysTick_Handler
                0x0000000008003990       0x1c lib/libDaisy/build/libdaisy.a(system.o)
 .text.SystemInit
                0x00000000080039ac       0x9c lib/libDaisy/build/libdaisy.a(system_stm32h7xx.o)
                0x00000000080039ac                SystemInit
 .text.HAL_PCD_SetupStageCallback
                0x0000000008003a48        0xc lib/libDaisy/build/libdaisy.a(usbd_conf.o)
                0x0000000008003a48                HAL_PCD_SetupStageCallback
 .text.HAL_PCD_DataOutStageCallback
                0x0000000008003a54       0x14 lib/libDaisy/build/libdaisy.a(usbd_conf.o)
                0x0000000008003a54                HAL_PCD_DataOutStageCallback
 .text.HAL_PCD_DataInStageCallback
                0x0000000008003a68       0x14 lib/libDaisy/build/libdaisy.a(usbd_conf.o)
                0x0000000008003a68                HAL_PCD_DataInStageCallback
 .text.HAL_PCD_SOFCallback
                0x0000000008003a7c        0x8 lib/libDaisy/build/libdaisy.a(usbd_conf.o)
                0x0000000008003a7c                HAL_PCD_SOFCallback
 .text.HAL_PCD_ResetCallback
                0x0000000008003a84       0x24 lib/libDaisy/build/libdaisy.a(usbd_conf.o)
                0x0000000008003a84                HAL_PCD_ResetCallback
 .text.HAL_PCD_SuspendCallback
                0x0000000008003aa8       0x30 lib/libDaisy/build/libdaisy.a(usbd_conf.o)
                0x0000000008003aa8                HAL_PCD_SuspendCallback
 .text.HAL_PCD_ResumeCallback
                0x0000000008003ad8        0x8 lib/libDaisy/build/libdaisy.a(usbd_conf.o)
                0x0000000008003ad8                HAL_PCD_ResumeCallback
 .text.HAL_PCD_ISOOUTIncompleteCallback
                0x0000000008003ae0        0x8 lib/libDaisy/build/libdaisy.a(usbd_conf.o)
                0x0000000008003ae0                HAL_PCD_ISOOUTIncompleteCallback
 .text.HAL_PCD_ISOINIncompleteCallback
                0x0000000008003ae8        0x8 lib/libDaisy/build/libdaisy.a(usbd_conf.o)
                0x0000000008003ae8                HAL_PCD_ISOINIncompleteCallback
 .text.HAL_PCD_ConnectCallback
                0x0000000008003af0        0x8 lib/libDaisy/build/libdaisy.a(usbd_conf.o)
                0x0000000008003af0                HAL_PCD_ConnectCallback
 .text.HAL_PCD_DisconnectCallback
                0x0000000008003af8        0x8 lib/libDaisy/build/libdaisy.a(usbd_conf.o)
                0x0000000008003af8                HAL_PCD_DisconnectCallback
 .text.USBD_LL_OpenEP
                0x0000000008003b00       0x24 lib/libDaisy/build/libdaisy.a(usbd_conf.o)
                0x0000000008003b00                USBD_LL_OpenEP
 .text.USBD_LL_StallEP
                0x0000000008003b24       0x1c lib/libDaisy/build/libdaisy.a(usbd_conf.o)
                0x0000000008003b24                USBD_LL_StallEP
 .text.USBD_LL_ClearStallEP
                0x0000000008003b40       0x1c lib/libDaisy/build/libdaisy.a(usbd_conf.o)
                0x0000000008003b40                USBD_LL_ClearStallEP
 .text.USBD_LL_IsStallEP
                0x0000000008003b5c       0x28 lib/libDaisy/build/libdaisy.a(usbd_conf.o)
                0x0000000008003b5c                USBD_LL_IsStallEP
 .text.USBD_LL_SetUSBAddress
                0x0000000008003b84       0x1c lib/libDaisy/build/libdaisy.a(usbd_conf.o)
                0x0000000008003b84                USBD_LL_SetUSBAddress
 .text.USBD_LL_Transmit
                0x0000000008003ba0       0x1c lib/libDaisy/build/libdaisy.a(usbd_conf.o)
                0x0000000008003ba0                USBD_LL_Transmit
 .text.USBD_LL_PrepareReceive
                0x0000000008003bbc       0x1c lib/libDaisy/build/libdaisy.a(usbd_conf.o)
                0x0000000008003bbc                USBD_LL_PrepareReceive
 .text.HAL_HCD_SOF_Callback
                0x0000000008003bd8        0x8 lib/libDaisy/build/libdaisy.a(usbh_conf.o)
                0x0000000008003bd8                HAL_HCD_SOF_Callback
 .text.HAL_HCD_Connect_Callback
                0x0000000008003be0        0x8 lib/libDaisy/build/libdaisy.a(usbh_conf.o)
                0x0000000008003be0                HAL_HCD_Connect_Callback
 .text.HAL_HCD_Disconnect_Callback
                0x0000000008003be8        0x8 lib/libDaisy/build/libdaisy.a(usbh_conf.o)
                0x0000000008003be8                HAL_HCD_Disconnect_Callback
 .text.HAL_HCD_HC_NotifyURBChange_Callback
                0x0000000008003bf0        0x4 lib/libDaisy/build/libdaisy.a(usbh_conf.o)
                0x0000000008003bf0                HAL_HCD_HC_NotifyURBChange_Callback
 .text.HAL_HCD_PortEnabled_Callback
                0x0000000008003bf4        0x8 lib/libDaisy/build/libdaisy.a(usbh_conf.o)
                0x0000000008003bf4                HAL_HCD_PortEnabled_Callback
 .text.HAL_HCD_PortDisabled_Callback
                0x0000000008003bfc        0x8 lib/libDaisy/build/libdaisy.a(usbh_conf.o)
                0x0000000008003bfc                HAL_HCD_PortDisabled_Callback
 .text.USBH_LL_Stop
                0x0000000008003c04       0x1c lib/libDaisy/build/libdaisy.a(usbh_conf.o)
                0x0000000008003c04                USBH_LL_Stop
 .text.dsy_hal_map_get_port
                0x0000000008003c20       0x10 lib/libDaisy/build/libdaisy.a(hal_map.o)
                0x0000000008003c20                dsy_hal_map_get_port
 .text.dsy_hal_map_get_pin
                0x0000000008003c30       0x10 lib/libDaisy/build/libdaisy.a(hal_map.o)
                0x0000000008003c30                dsy_hal_map_get_pin
 .text.dsy_hal_map_gpio_clk_enable
                0x0000000008003c40      0x150 lib/libDaisy/build/libdaisy.a(hal_map.o)
                0x0000000008003c40                dsy_hal_map_gpio_clk_enable
 .text.HAL_MspInit
                0x0000000008003d90        0x4 lib/libDaisy/build/libdaisy.a(stm32h7xx_hal.o)
                0x0000000008003d90                HAL_MspInit
 .text.HAL_InitTick
                0x0000000008003d94       0x4c lib/libDaisy/build/libdaisy.a(stm32h7xx_hal.o)
                0x0000000008003d94                HAL_InitTick
 .text.HAL_Init
                0x0000000008003de0       0x60 lib/libDaisy/build/libdaisy.a(stm32h7xx_hal.o)
                0x0000000008003de0                HAL_Init
 .text.HAL_IncTick
                0x0000000008003e40       0x18 lib/libDaisy/build/libdaisy.a(stm32h7xx_hal.o)
                0x0000000008003e40                HAL_IncTick
 .text.HAL_GetTick
                0x0000000008003e58        0xc lib/libDaisy/build/libdaisy.a(stm32h7xx_hal.o)
                0x0000000008003e58                HAL_GetTick
 .text.HAL_Delay
                0x0000000008003e64       0x24 lib/libDaisy/build/libdaisy.a(stm32h7xx_hal.o)
                0x0000000008003e64                HAL_Delay
 .text.HAL_GetREVID
                0x0000000008003e88        0xc lib/libDaisy/build/libdaisy.a(stm32h7xx_hal.o)
                0x0000000008003e88                HAL_GetREVID
 .text.HAL_NVIC_SetPriorityGrouping
                0x0000000008003e94       0x24 lib/libDaisy/build/libdaisy.a(stm32h7xx_hal_cortex.o)
                0x0000000008003e94                HAL_NVIC_SetPriorityGrouping
 .text.HAL_NVIC_SetPriority
                0x0000000008003eb8       0x7c lib/libDaisy/build/libdaisy.a(stm32h7xx_hal_cortex.o)
                0x0000000008003eb8                HAL_NVIC_SetPriority
 .text.HAL_NVIC_EnableIRQ
                0x0000000008003f34       0x1c lib/libDaisy/build/libdaisy.a(stm32h7xx_hal_cortex.o)
                0x0000000008003f34                HAL_NVIC_EnableIRQ
 .text.HAL_NVIC_DisableIRQ
                0x0000000008003f50       0x28 lib/libDaisy/build/libdaisy.a(stm32h7xx_hal_cortex.o)
                0x0000000008003f50                HAL_NVIC_DisableIRQ
 .text.HAL_SYSTICK_Config
                0x0000000008003f78       0x2c lib/libDaisy/build/libdaisy.a(stm32h7xx_hal_cortex.o)
                0x0000000008003f78                HAL_SYSTICK_Config
 .text.HAL_MPU_Disable
                0x0000000008003fa4       0x1c lib/libDaisy/build/libdaisy.a(stm32h7xx_hal_cortex.o)
                0x0000000008003fa4                HAL_MPU_Disable
 .text.HAL_MPU_Enable
                0x0000000008003fc0       0x20 lib/libDaisy/build/libdaisy.a(stm32h7xx_hal_cortex.o)
                0x0000000008003fc0                HAL_MPU_Enable
 .text.HAL_MPU_ConfigRegion
                0x0000000008003fe0       0x64 lib/libDaisy/build/libdaisy.a(stm32h7xx_hal_cortex.o)
                0x0000000008003fe0                HAL_MPU_ConfigRegion
 .text.HAL_SYSTICK_Callback
                0x0000000008004044        0x4 lib/libDaisy/build/libdaisy.a(stm32h7xx_hal_cortex.o)
                0x0000000008004044                HAL_SYSTICK_Callback
 .text.HAL_SYSTICK_IRQHandler
                0x0000000008004048        0x8 lib/libDaisy/build/libdaisy.a(stm32h7xx_hal_cortex.o)
                0x0000000008004048                HAL_SYSTICK_IRQHandler
 .text.DMA_CalcBaseAndBitshift
                0x0000000008004050       0xf4 lib/libDaisy/build/libdaisy.a(stm32h7xx_hal_dma.o)
 .text.DMA_CalcDMAMUXChannelBaseAndMask
                0x0000000008004144       0xd8 lib/libDaisy/build/libdaisy.a(stm32h7xx_hal_dma.o)
 .text.HAL_DMA_Init
                0x000000000800421c      0x37c lib/libDaisy/build/libdaisy.a(stm32h7xx_hal_dma.o)
                0x000000000800421c                HAL_DMA_Init
 .text.HAL_DMA_Start_IT
                0x0000000008004598      0x240 lib/libDaisy/build/libdaisy.a(stm32h7xx_hal_dma.o)
                0x0000000008004598                HAL_DMA_Start_IT
 .text.HAL_DMA_Abort_IT
                0x00000000080047d8      0x134 lib/libDaisy/build/libdaisy.a(stm32h7xx_hal_dma.o)
                0x00000000080047d8                HAL_DMA_Abort_IT
 .text.HAL_DMA_IRQHandler
                0x000000000800490c      0x6a0 lib/libDaisy/build/libdaisy.a(stm32h7xx_hal_dma.o)
                0x000000000800490c                HAL_DMA_IRQHandler
 .text.HAL_DMA_GetError
                0x0000000008004fac        0x4 lib/libDaisy/build/libdaisy.a(stm32h7xx_hal_dma.o)
                0x0000000008004fac                HAL_DMA_GetError
 .text.HAL_GPIO_Init
                0x0000000008004fb0      0x280 lib/libDaisy/build/libdaisy.a(stm32h7xx_hal_gpio.o)
                0x0000000008004fb0                HAL_GPIO_Init
 .text.HAL_GPIO_DeInit
                0x0000000008005230      0x190 lib/libDaisy/build/libdaisy.a(stm32h7xx_hal_gpio.o)
                0x0000000008005230                HAL_GPIO_DeInit
 .text.HAL_GPIO_ReadPin
                0x00000000080053c0        0xc lib/libDaisy/build/libdaisy.a(stm32h7xx_hal_gpio.o)
                0x00000000080053c0                HAL_GPIO_ReadPin
 .text.HAL_GPIO_WritePin
                0x00000000080053cc        0x8 lib/libDaisy/build/libdaisy.a(stm32h7xx_hal_gpio.o)
                0x00000000080053cc                HAL_GPIO_WritePin
 .text.HAL_HCD_IRQHandler
                0x00000000080053d4      0x780 lib/libDaisy/build/libdaisy.a(stm32h7xx_hal_hcd.o)
                0x00000000080053d4                HAL_HCD_IRQHandler
 .text.HAL_HCD_Stop
                0x0000000008005b54       0x28 lib/libDaisy/build/libdaisy.a(stm32h7xx_hal_hcd.o)
                0x0000000008005b54                HAL_HCD_Stop
 .text.I2C_WaitOnTXISFlagUntilTimeout
                0x0000000008005b7c       0xb8 lib/libDaisy/build/libdaisy.a(stm32h7xx_hal_i2c.o)
 .text.I2C_WaitOnSTOPFlagUntilTimeout
                0x0000000008005c34       0xac lib/libDaisy/build/libdaisy.a(stm32h7xx_hal_i2c.o)
 .text.HAL_I2C_Init
                0x0000000008005ce0       0xac lib/libDaisy/build/libdaisy.a(stm32h7xx_hal_i2c.o)
                0x0000000008005ce0                HAL_I2C_Init
 .text.HAL_I2C_Master_Transmit
                0x0000000008005d8c      0x1a8 lib/libDaisy/build/libdaisy.a(stm32h7xx_hal_i2c.o)
                0x0000000008005d8c                HAL_I2C_Master_Transmit
 .text.HAL_I2C_Slave_Transmit
                0x0000000008005f34      0x1c8 lib/libDaisy/build/libdaisy.a(stm32h7xx_hal_i2c.o)
                0x0000000008005f34                HAL_I2C_Slave_Transmit
 .text.HAL_I2C_EV_IRQHandler
                0x00000000080060fc       0x10 lib/libDaisy/build/libdaisy.a(stm32h7xx_hal_i2c.o)
                0x00000000080060fc                HAL_I2C_EV_IRQHandler
 .text.HAL_I2C_GetState
                0x000000000800610c        0x8 lib/libDaisy/build/libdaisy.a(stm32h7xx_hal_i2c.o)
                0x000000000800610c                HAL_I2C_GetState
 .text.HAL_I2CEx_ConfigAnalogFilter
                0x0000000008006114       0x54 lib/libDaisy/build/libdaisy.a(stm32h7xx_hal_i2c_ex.o)
                0x0000000008006114                HAL_I2CEx_ConfigAnalogFilter
 .text.HAL_I2CEx_ConfigDigitalFilter
                0x0000000008006168       0x58 lib/libDaisy/build/libdaisy.a(stm32h7xx_hal_i2c_ex.o)
                0x0000000008006168                HAL_I2CEx_ConfigDigitalFilter
 .text.HAL_PCD_IRQHandler
                0x00000000080061c0      0x69c lib/libDaisy/build/libdaisy.a(stm32h7xx_hal_pcd.o)
                0x00000000080061c0                HAL_PCD_IRQHandler
 .text.HAL_PCD_SetAddress
                0x000000000800685c       0x2c lib/libDaisy/build/libdaisy.a(stm32h7xx_hal_pcd.o)
                0x000000000800685c                HAL_PCD_SetAddress
 .text.HAL_PCD_EP_Open
                0x0000000008006888       0x7c lib/libDaisy/build/libdaisy.a(stm32h7xx_hal_pcd.o)
                0x0000000008006888                HAL_PCD_EP_Open
 .text.HAL_PCD_EP_Receive
                0x0000000008006904       0x50 lib/libDaisy/build/libdaisy.a(stm32h7xx_hal_pcd.o)
                0x0000000008006904                HAL_PCD_EP_Receive
 .text.HAL_PCD_EP_Transmit
                0x0000000008006954       0x50 lib/libDaisy/build/libdaisy.a(stm32h7xx_hal_pcd.o)
                0x0000000008006954                HAL_PCD_EP_Transmit
 .text.HAL_PCD_EP_SetStall
                0x00000000080069a4       0x88 lib/libDaisy/build/libdaisy.a(stm32h7xx_hal_pcd.o)
                0x00000000080069a4                HAL_PCD_EP_SetStall
 .text.HAL_PCD_EP_ClrStall
                0x0000000008006a2c       0x78 lib/libDaisy/build/libdaisy.a(stm32h7xx_hal_pcd.o)
                0x0000000008006a2c                HAL_PCD_EP_ClrStall
 .text.HAL_PCDEx_LPM_Callback
                0x0000000008006aa4        0x4 lib/libDaisy/build/libdaisy.a(stm32h7xx_hal_pcd_ex.o)
                0x0000000008006aa4                HAL_PCDEx_LPM_Callback
 .text.HAL_PWREx_ConfigSupply
                0x0000000008006aa8       0x4c lib/libDaisy/build/libdaisy.a(stm32h7xx_hal_pwr_ex.o)
                0x0000000008006aa8                HAL_PWREx_ConfigSupply
 .text.HAL_PWREx_EnableUSBVoltageDetector
                0x0000000008006af4       0x10 lib/libDaisy/build/libdaisy.a(stm32h7xx_hal_pwr_ex.o)
                0x0000000008006af4                HAL_PWREx_EnableUSBVoltageDetector
 .text.QSPI_Config
                0x0000000008006b04      0x174 lib/libDaisy/build/libdaisy.a(stm32h7xx_hal_qspi.o)
 .text.HAL_QSPI_Init
                0x0000000008006c78       0xd8 lib/libDaisy/build/libdaisy.a(stm32h7xx_hal_qspi.o)
                0x0000000008006c78                HAL_QSPI_Init
 .text.HAL_QSPI_DeInit
                0x0000000008006d50       0x3c lib/libDaisy/build/libdaisy.a(stm32h7xx_hal_qspi.o)
                0x0000000008006d50                HAL_QSPI_DeInit
 .text.HAL_QSPI_Command
                0x0000000008006d8c       0xd4 lib/libDaisy/build/libdaisy.a(stm32h7xx_hal_qspi.o)
                0x0000000008006d8c                HAL_QSPI_Command
 .text.HAL_QSPI_Transmit
                0x0000000008006e60       0xfc lib/libDaisy/build/libdaisy.a(stm32h7xx_hal_qspi.o)
                0x0000000008006e60                HAL_QSPI_Transmit
 .text.HAL_QSPI_Receive
                0x0000000008006f5c      0x108 lib/libDaisy/build/libdaisy.a(stm32h7xx_hal_qspi.o)
                0x0000000008006f5c                HAL_QSPI_Receive
 .text.HAL_QSPI_AutoPolling
                0x0000000008007064       0xf0 lib/libDaisy/build/libdaisy.a(stm32h7xx_hal_qspi.o)
                0x0000000008007064                HAL_QSPI_AutoPolling
 .text.HAL_QSPI_MemoryMapped
                0x0000000008007154       0xc0 lib/libDaisy/build/libdaisy.a(stm32h7xx_hal_qspi.o)
                0x0000000008007154                HAL_QSPI_MemoryMapped
 .text.HAL_QSPI_ErrorCallback
                0x0000000008007214        0x4 lib/libDaisy/build/libdaisy.a(stm32h7xx_hal_qspi.o)
                0x0000000008007214                HAL_QSPI_ErrorCallback
 .text.QSPI_DMAAbortCplt
                0x0000000008007218       0x38 lib/libDaisy/build/libdaisy.a(stm32h7xx_hal_qspi.o)
 .text.HAL_QSPI_AbortCpltCallback
                0x0000000008007250        0x4 lib/libDaisy/build/libdaisy.a(stm32h7xx_hal_qspi.o)
                0x0000000008007250                HAL_QSPI_AbortCpltCallback
 .text.HAL_QSPI_CmdCpltCallback
                0x0000000008007254        0x4 lib/libDaisy/build/libdaisy.a(stm32h7xx_hal_qspi.o)
                0x0000000008007254                HAL_QSPI_CmdCpltCallback
 .text.HAL_QSPI_RxCpltCallback
                0x0000000008007258        0x4 lib/libDaisy/build/libdaisy.a(stm32h7xx_hal_qspi.o)
                0x0000000008007258                HAL_QSPI_RxCpltCallback
 .text.HAL_QSPI_TxCpltCallback
                0x000000000800725c        0x4 lib/libDaisy/build/libdaisy.a(stm32h7xx_hal_qspi.o)
                0x000000000800725c                HAL_QSPI_TxCpltCallback
 .text.HAL_QSPI_FifoThresholdCallback
                0x0000000008007260        0x4 lib/libDaisy/build/libdaisy.a(stm32h7xx_hal_qspi.o)
                0x0000000008007260                HAL_QSPI_FifoThresholdCallback
 .text.HAL_QSPI_StatusMatchCallback
                0x0000000008007264        0x4 lib/libDaisy/build/libdaisy.a(stm32h7xx_hal_qspi.o)
                0x0000000008007264                HAL_QSPI_StatusMatchCallback
 .text.HAL_QSPI_TimeOutCallback
                0x0000000008007268        0x4 lib/libDaisy/build/libdaisy.a(stm32h7xx_hal_qspi.o)
                0x0000000008007268                HAL_QSPI_TimeOutCallback
 .text.HAL_QSPI_IRQHandler
                0x000000000800726c      0x210 lib/libDaisy/build/libdaisy.a(stm32h7xx_hal_qspi.o)
                0x000000000800726c                HAL_QSPI_IRQHandler
 .text.HAL_RCC_OscConfig
                0x000000000800747c      0x51c lib/libDaisy/build/libdaisy.a(stm32h7xx_hal_rcc.o)
                0x000000000800747c                HAL_RCC_OscConfig
 .text.HAL_RCC_GetSysClockFreq
                0x0000000008007998      0x140 lib/libDaisy/build/libdaisy.a(stm32h7xx_hal_rcc.o)
                0x0000000008007998                HAL_RCC_GetSysClockFreq
 .text.HAL_RCC_ClockConfig
                0x0000000008007ad8      0x234 lib/libDaisy/build/libdaisy.a(stm32h7xx_hal_rcc.o)
                0x0000000008007ad8                HAL_RCC_ClockConfig
 .text.HAL_RCC_GetHCLKFreq
                0x0000000008007d0c       0x2c lib/libDaisy/build/libdaisy.a(stm32h7xx_hal_rcc.o)
                0x0000000008007d0c                HAL_RCC_GetHCLKFreq
 .text.HAL_RCC_GetPCLK1Freq
                0x0000000008007d38       0x38 lib/libDaisy/build/libdaisy.a(stm32h7xx_hal_rcc.o)
                0x0000000008007d38                HAL_RCC_GetPCLK1Freq
 .text.HAL_RCC_GetPCLK2Freq
                0x0000000008007d70       0x38 lib/libDaisy/build/libdaisy.a(stm32h7xx_hal_rcc.o)
                0x0000000008007d70                HAL_RCC_GetPCLK2Freq
 .text.RCCEx_PLL2_Config
                0x0000000008007da8       0xf4 lib/libDaisy/build/libdaisy.a(stm32h7xx_hal_rcc_ex.o)
 .text.RCCEx_PLL3_Config
                0x0000000008007e9c       0xf4 lib/libDaisy/build/libdaisy.a(stm32h7xx_hal_rcc_ex.o)
 .text.HAL_RCCEx_PeriphCLKConfig
                0x0000000008007f90      0xa7c lib/libDaisy/build/libdaisy.a(stm32h7xx_hal_rcc_ex.o)
                0x0000000008007f90                HAL_RCCEx_PeriphCLKConfig
 .text.HAL_RCCEx_GetD3PCLK1Freq
                0x0000000008008a0c       0x24 lib/libDaisy/build/libdaisy.a(stm32h7xx_hal_rcc_ex.o)
                0x0000000008008a0c                HAL_RCCEx_GetD3PCLK1Freq
 .text.HAL_RCCEx_GetPLL2ClockFreq
                0x0000000008008a30      0x17c lib/libDaisy/build/libdaisy.a(stm32h7xx_hal_rcc_ex.o)
                0x0000000008008a30                HAL_RCCEx_GetPLL2ClockFreq
 .text.HAL_RCCEx_GetPLL3ClockFreq
                0x0000000008008bac      0x17c lib/libDaisy/build/libdaisy.a(stm32h7xx_hal_rcc_ex.o)
                0x0000000008008bac                HAL_RCCEx_GetPLL3ClockFreq
 .text.HAL_RCCEx_GetPLL1ClockFreq
                0x0000000008008d28      0x17c lib/libDaisy/build/libdaisy.a(stm32h7xx_hal_rcc_ex.o)
                0x0000000008008d28                HAL_RCCEx_GetPLL1ClockFreq
 .text.HAL_RCCEx_GetPeriphCLKFreq
                0x0000000008008ea4      0x198 lib/libDaisy/build/libdaisy.a(stm32h7xx_hal_rcc_ex.o)
                0x0000000008008ea4                HAL_RCCEx_GetPeriphCLKFreq
 .text.HAL_RCCEx_GetD1SysClockFreq
                0x000000000800903c       0x2c lib/libDaisy/build/libdaisy.a(stm32h7xx_hal_rcc_ex.o)
                0x000000000800903c                HAL_RCCEx_GetD1SysClockFreq
 .text.HAL_SAI_Init.part.0
                0x0000000008009068      0x348 lib/libDaisy/build/libdaisy.a(stm32h7xx_hal_sai.o)
 .text.HAL_SAI_InitProtocol
                0x00000000080093b0      0x178 lib/libDaisy/build/libdaisy.a(stm32h7xx_hal_sai.o)
                0x00000000080093b0                HAL_SAI_InitProtocol
 .text.HAL_SAI_Transmit_DMA
                0x0000000008009528      0x124 lib/libDaisy/build/libdaisy.a(stm32h7xx_hal_sai.o)
                0x0000000008009528                HAL_SAI_Transmit_DMA
 .text.HAL_SAI_Receive_DMA
                0x000000000800964c       0xd0 lib/libDaisy/build/libdaisy.a(stm32h7xx_hal_sai.o)
                0x000000000800964c                HAL_SAI_Receive_DMA
 .text.HAL_SAI_TxCpltCallback
                0x000000000800971c        0x4 lib/libDaisy/build/libdaisy.a(stm32h7xx_hal_sai.o)
                0x000000000800971c                HAL_SAI_TxCpltCallback
 .text.SAI_DMATxCplt
                0x0000000008009720       0x64 lib/libDaisy/build/libdaisy.a(stm32h7xx_hal_sai.o)
 .text.HAL_SAI_TxHalfCpltCallback
                0x0000000008009784        0x4 lib/libDaisy/build/libdaisy.a(stm32h7xx_hal_sai.o)
                0x0000000008009784                HAL_SAI_TxHalfCpltCallback
 .text.SAI_DMATxHalfCplt
                0x0000000008009788        0xc lib/libDaisy/build/libdaisy.a(stm32h7xx_hal_sai.o)
 .text.SAI_DMARxCplt
                0x0000000008009794       0x64 lib/libDaisy/build/libdaisy.a(stm32h7xx_hal_sai.o)
 .text.SAI_DMARxHalfCplt
                0x00000000080097f8        0xc lib/libDaisy/build/libdaisy.a(stm32h7xx_hal_sai.o)
 .text.HAL_SAI_ErrorCallback
                0x0000000008009804        0x4 lib/libDaisy/build/libdaisy.a(stm32h7xx_hal_sai.o)
                0x0000000008009804                HAL_SAI_ErrorCallback
 .text.SAI_DMAError
                0x0000000008009808       0x6c lib/libDaisy/build/libdaisy.a(stm32h7xx_hal_sai.o)
 .text.HAL_SDRAM_Init
                0x0000000008009874       0x54 lib/libDaisy/build/libdaisy.a(stm32h7xx_hal_sdram.o)
                0x0000000008009874                HAL_SDRAM_Init
 .text.HAL_SDRAM_SendCommand
                0x00000000080098c8       0x40 lib/libDaisy/build/libdaisy.a(stm32h7xx_hal_sdram.o)
                0x00000000080098c8                HAL_SDRAM_SendCommand
 .text.HAL_SDRAM_ProgramRefreshRate
                0x0000000008009908       0x30 lib/libDaisy/build/libdaisy.a(stm32h7xx_hal_sdram.o)
                0x0000000008009908                HAL_SDRAM_ProgramRefreshRate
 .text.FMC_SDRAM_Init
                0x0000000008009938       0x7c lib/libDaisy/build/libdaisy.a(stm32h7xx_ll_fmc.o)
                0x0000000008009938                FMC_SDRAM_Init
 .text.FMC_SDRAM_Timing_Init
                0x00000000080099b4       0x98 lib/libDaisy/build/libdaisy.a(stm32h7xx_ll_fmc.o)
                0x00000000080099b4                FMC_SDRAM_Timing_Init
 .text.FMC_SDRAM_SendCommand
                0x0000000008009a4c       0x28 lib/libDaisy/build/libdaisy.a(stm32h7xx_ll_fmc.o)
                0x0000000008009a4c                FMC_SDRAM_SendCommand
 .text.FMC_SDRAM_ProgramRefreshRate
                0x0000000008009a74       0x1c lib/libDaisy/build/libdaisy.a(stm32h7xx_ll_fmc.o)
                0x0000000008009a74                FMC_SDRAM_ProgramRefreshRate
 .text.USB_SetTurnaroundTime
                0x0000000008009a90      0x104 lib/libDaisy/build/libdaisy.a(stm32h7xx_ll_usb.o)
                0x0000000008009a90                USB_SetTurnaroundTime
 .text.USB_FlushTxFifo
                0x0000000008009b94       0x34 lib/libDaisy/build/libdaisy.a(stm32h7xx_ll_usb.o)
                0x0000000008009b94                USB_FlushTxFifo
 .text.USB_GetDevSpeed
                0x0000000008009bc8       0x24 lib/libDaisy/build/libdaisy.a(stm32h7xx_ll_usb.o)
                0x0000000008009bc8                USB_GetDevSpeed
 .text.USB_ActivateEndpoint
                0x0000000008009bec       0x90 lib/libDaisy/build/libdaisy.a(stm32h7xx_ll_usb.o)
                0x0000000008009bec                USB_ActivateEndpoint
 .text.USB_EPStartXfer
                0x0000000008009c7c      0x230 lib/libDaisy/build/libdaisy.a(stm32h7xx_ll_usb.o)
                0x0000000008009c7c                USB_EPStartXfer
 .text.USB_EP0StartXfer
                0x0000000008009eac      0x174 lib/libDaisy/build/libdaisy.a(stm32h7xx_ll_usb.o)
                0x0000000008009eac                USB_EP0StartXfer
 .text.USB_WritePacket
                0x000000000800a020       0x2c lib/libDaisy/build/libdaisy.a(stm32h7xx_ll_usb.o)
                0x000000000800a020                USB_WritePacket
 .text.USB_ReadPacket
                0x000000000800a04c       0x20 lib/libDaisy/build/libdaisy.a(stm32h7xx_ll_usb.o)
                0x000000000800a04c                USB_ReadPacket
 .text.USB_EPSetStall
                0x000000000800a06c       0x68 lib/libDaisy/build/libdaisy.a(stm32h7xx_ll_usb.o)
                0x000000000800a06c                USB_EPSetStall
 .text.USB_EPClearStall
                0x000000000800a0d4       0x58 lib/libDaisy/build/libdaisy.a(stm32h7xx_ll_usb.o)
                0x000000000800a0d4                USB_EPClearStall
 .text.USB_SetDevAddress
                0x000000000800a12c       0x24 lib/libDaisy/build/libdaisy.a(stm32h7xx_ll_usb.o)
                0x000000000800a12c                USB_SetDevAddress
 .text.USB_ReadInterrupts
                0x000000000800a150       0x14 lib/libDaisy/build/libdaisy.a(stm32h7xx_ll_usb.o)
                0x000000000800a150                USB_ReadInterrupts
 .text.USB_ReadDevAllOutEpInterrupt
                0x000000000800a164       0x1c lib/libDaisy/build/libdaisy.a(stm32h7xx_ll_usb.o)
                0x000000000800a164                USB_ReadDevAllOutEpInterrupt
 .text.USB_ReadDevAllInEpInterrupt
                0x000000000800a180       0x1c lib/libDaisy/build/libdaisy.a(stm32h7xx_ll_usb.o)
                0x000000000800a180                USB_ReadDevAllInEpInterrupt
 .text.USB_ReadDevOutEPInterrupt
                0x000000000800a19c       0x1c lib/libDaisy/build/libdaisy.a(stm32h7xx_ll_usb.o)
                0x000000000800a19c                USB_ReadDevOutEPInterrupt
 .text.USB_ReadDevInEPInterrupt
                0x000000000800a1b8       0x38 lib/libDaisy/build/libdaisy.a(stm32h7xx_ll_usb.o)
                0x000000000800a1b8                USB_ReadDevInEPInterrupt
 .text.USB_GetMode
                0x000000000800a1f0        0x8 lib/libDaisy/build/libdaisy.a(stm32h7xx_ll_usb.o)
                0x000000000800a1f0                USB_GetMode
 .text.USB_ActivateSetup
                0x000000000800a1f8       0x38 lib/libDaisy/build/libdaisy.a(stm32h7xx_ll_usb.o)
                0x000000000800a1f8                USB_ActivateSetup
 .text.USB_EP0_OutStart
                0x000000000800a230       0x58 lib/libDaisy/build/libdaisy.a(stm32h7xx_ll_usb.o)
                0x000000000800a230                USB_EP0_OutStart
 .text.USB_InitFSLSPClkSel
                0x000000000800a288       0x44 lib/libDaisy/build/libdaisy.a(stm32h7xx_ll_usb.o)
                0x000000000800a288                USB_InitFSLSPClkSel
 .text.USB_HC_ReadInterrupt
                0x000000000800a2cc        0x8 lib/libDaisy/build/libdaisy.a(stm32h7xx_ll_usb.o)
                0x000000000800a2cc                USB_HC_ReadInterrupt
 .text.USB_HC_Halt
                0x000000000800a2d4       0xc0 lib/libDaisy/build/libdaisy.a(stm32h7xx_ll_usb.o)
                0x000000000800a2d4                USB_HC_Halt
 .text.USB_StopHost
                0x000000000800a394      0x2ec lib/libDaisy/build/libdaisy.a(stm32h7xx_ll_usb.o)
                0x000000000800a394                USB_StopHost
 .text.USBD_SetClassConfig
                0x000000000800a680       0x14 lib/libDaisy/build/libdaisy.a(usbd_core.o)
                0x000000000800a680                USBD_SetClassConfig
 .text.USBD_ClrClassConfig
                0x000000000800a694       0x10 lib/libDaisy/build/libdaisy.a(usbd_core.o)
                0x000000000800a694                USBD_ClrClassConfig
 .text.USBD_LL_SetupStage
                0x000000000800a6a4       0x5c lib/libDaisy/build/libdaisy.a(usbd_core.o)
                0x000000000800a6a4                USBD_LL_SetupStage
 .text.USBD_LL_DataOutStage
                0x000000000800a700       0x7c lib/libDaisy/build/libdaisy.a(usbd_core.o)
                0x000000000800a700                USBD_LL_DataOutStage
 .text.USBD_LL_DataInStage
                0x000000000800a77c       0xcc lib/libDaisy/build/libdaisy.a(usbd_core.o)
                0x000000000800a77c                USBD_LL_DataInStage
 .text.USBD_LL_Reset
                0x000000000800a848       0x50 lib/libDaisy/build/libdaisy.a(usbd_core.o)
                0x000000000800a848                USBD_LL_Reset
 .text.USBD_LL_SetSpeed
                0x000000000800a898        0x8 lib/libDaisy/build/libdaisy.a(usbd_core.o)
                0x000000000800a898                USBD_LL_SetSpeed
 .text.USBD_LL_Suspend
                0x000000000800a8a0       0x14 lib/libDaisy/build/libdaisy.a(usbd_core.o)
                0x000000000800a8a0                USBD_LL_Suspend
 .text.USBD_LL_Resume
                0x000000000800a8b4       0x10 lib/libDaisy/build/libdaisy.a(usbd_core.o)
                0x000000000800a8b4                USBD_LL_Resume
 .text.USBD_LL_SOF
                0x000000000800a8c4       0x1c lib/libDaisy/build/libdaisy.a(usbd_core.o)
                0x000000000800a8c4                USBD_LL_SOF
 .text.USBD_LL_IsoINIncomplete
                0x000000000800a8e0        0x4 lib/libDaisy/build/libdaisy.a(usbd_core.o)
                0x000000000800a8e0                USBD_LL_IsoINIncomplete
 .text.USBD_LL_IsoOUTIncomplete
                0x000000000800a8e4        0x4 lib/libDaisy/build/libdaisy.a(usbd_core.o)
                0x000000000800a8e4                USBD_LL_IsoOUTIncomplete
 .text.USBD_LL_DevConnected
                0x000000000800a8e8        0x4 lib/libDaisy/build/libdaisy.a(usbd_core.o)
                0x000000000800a8e8                USBD_LL_DevConnected
 .text.USBD_LL_DevDisconnected
                0x000000000800a8ec       0x18 lib/libDaisy/build/libdaisy.a(usbd_core.o)
                0x000000000800a8ec                USBD_LL_DevDisconnected
 .text.USBD_StdDevReq
                0x000000000800a904      0x304 lib/libDaisy/build/libdaisy.a(usbd_ctlreq.o)
                0x000000000800a904                USBD_StdDevReq
 .text.USBD_StdItfReq
                0x000000000800ac08       0x68 lib/libDaisy/build/libdaisy.a(usbd_ctlreq.o)
                0x000000000800ac08                USBD_StdItfReq
 .text.USBD_StdEPReq
                0x000000000800ac70      0x13c lib/libDaisy/build/libdaisy.a(usbd_ctlreq.o)
                0x000000000800ac70                USBD_StdEPReq
 .text.USBD_ParseSetupRequest
                0x000000000800adac       0x28 lib/libDaisy/build/libdaisy.a(usbd_ctlreq.o)
                0x000000000800adac                USBD_ParseSetupRequest
 .text.USBD_CtlSendData
                0x000000000800add4       0x1c lib/libDaisy/build/libdaisy.a(usbd_ioreq.o)
                0x000000000800add4                USBD_CtlSendData
 .text.USBD_CtlContinueSendData
                0x000000000800adf0       0x14 lib/libDaisy/build/libdaisy.a(usbd_ioreq.o)
                0x000000000800adf0                USBD_CtlContinueSendData
 .text.USBD_CtlContinueRx
                0x000000000800ae04       0x14 lib/libDaisy/build/libdaisy.a(usbd_ioreq.o)
                0x000000000800ae04                USBD_CtlContinueRx
 .text.USBD_CtlSendStatus
                0x000000000800ae18       0x18 lib/libDaisy/build/libdaisy.a(usbd_ioreq.o)
                0x000000000800ae18                USBD_CtlSendStatus
 .text.USBD_CtlReceiveStatus
                0x000000000800ae30       0x18 lib/libDaisy/build/libdaisy.a(usbd_ioreq.o)
                0x000000000800ae30                USBD_CtlReceiveStatus
 .text.USBH_LL_IncTimer
                0x000000000800ae48       0x20 lib/libDaisy/build/libdaisy.a(usbh_core.o)
                0x000000000800ae48                USBH_LL_IncTimer
 .text.USBH_LL_PortEnabled
                0x000000000800ae68        0x8 lib/libDaisy/build/libdaisy.a(usbh_core.o)
                0x000000000800ae68                USBH_LL_PortEnabled
 .text.USBH_LL_PortDisabled
                0x000000000800ae70        0x8 lib/libDaisy/build/libdaisy.a(usbh_core.o)
                0x000000000800ae70                USBH_LL_PortDisabled
 .text.USBH_LL_Connect
                0x000000000800ae78       0x18 lib/libDaisy/build/libdaisy.a(usbh_core.o)
                0x000000000800ae78                USBH_LL_Connect
 .text.USBH_LL_Disconnect
                0x000000000800ae90       0x2c lib/libDaisy/build/libdaisy.a(usbh_core.o)
                0x000000000800ae90                USBH_LL_Disconnect
 .text.USBH_FreePipe
                0x000000000800aebc       0x18 lib/libDaisy/build/libdaisy.a(usbh_pipes.o)
                0x000000000800aebc                USBH_FreePipe
 .text._ZN5daisy6Random4InitEv
                0x000000000800aed4       0x3c lib/libDaisy/build/libdaisy.a(rng.o)
                0x000000000800aed4                daisy::Random::Init()
 .text._ZN5daisy9SpiHandle4Impl7InitDmaEv
                0x000000000800af10       0xec lib/libDaisy/build/libdaisy.a(spi.o)
                0x000000000800af10                daisy::SpiHandle::Impl::InitDma()
 .text._ZN5daisy9SpiHandle4Impl10StartDmaTxEPhjPFvPvEPFvS3_NS0_6ResultEES3_
                0x000000000800affc       0xc8 lib/libDaisy/build/libdaisy.a(spi.o)
                0x000000000800affc                daisy::SpiHandle::Impl::StartDmaTx(unsigned char*, unsigned int, void (*)(void*), void (*)(void*, daisy::SpiHandle::Result), void*)
 .text._ZN5daisy9SpiHandle4Impl10StartDmaRxEPhjPFvPvEPFvS3_NS0_6ResultEES3_
                0x000000000800b0c4       0xc8 lib/libDaisy/build/libdaisy.a(spi.o)
                0x000000000800b0c4                daisy::SpiHandle::Impl::StartDmaRx(unsigned char*, unsigned int, void (*)(void*), void (*)(void*, daisy::SpiHandle::Result), void*)
 .text._ZN5daisy9SpiHandle4Impl12StartDmaRxTxEPhS2_jPFvPvEPFvS3_NS0_6ResultEES3_
                0x000000000800b18c       0xcc lib/libDaisy/build/libdaisy.a(spi.o)
                0x000000000800b18c                daisy::SpiHandle::Impl::StartDmaRxTx(unsigned char*, unsigned char*, unsigned int, void (*)(void*), void (*)(void*, daisy::SpiHandle::Result), void*)
 .text._ZN5daisy9SpiHandle4Impl8InitPinsEv
                0x000000000800b258      0x274 lib/libDaisy/build/libdaisy.a(spi.o)
                0x000000000800b258                daisy::SpiHandle::Impl::InitPins()
 .text.HAL_SPI_MspInit
                0x000000000800b4cc      0x1a8 lib/libDaisy/build/libdaisy.a(spi.o)
                0x000000000800b4cc                HAL_SPI_MspInit
 .text.dsy_spi_global_init
                0x000000000800b674       0x80 lib/libDaisy/build/libdaisy.a(spi.o)
                0x000000000800b674                dsy_spi_global_init
 .text.SPI1_IRQHandler
                0x000000000800b6f4        0xc lib/libDaisy/build/libdaisy.a(spi.o)
                0x000000000800b6f4                SPI1_IRQHandler
 .text.SPI2_IRQHandler
                0x000000000800b700        0xc lib/libDaisy/build/libdaisy.a(spi.o)
                0x000000000800b700                SPI2_IRQHandler
 .text.SPI3_IRQHandler
                0x000000000800b70c        0xc lib/libDaisy/build/libdaisy.a(spi.o)
                0x000000000800b70c                SPI3_IRQHandler
 .text.SPI4_IRQHandler
                0x000000000800b718        0xc lib/libDaisy/build/libdaisy.a(spi.o)
                0x000000000800b718                SPI4_IRQHandler
 .text.SPI5_IRQHandler
                0x000000000800b724        0xc lib/libDaisy/build/libdaisy.a(spi.o)
                0x000000000800b724                SPI5_IRQHandler
 .text.DMA2_Stream2_IRQHandler
                0x000000000800b730       0x34 lib/libDaisy/build/libdaisy.a(spi.o)
                0x000000000800b730                DMA2_Stream2_IRQHandler
 .text.DMA2_Stream3_IRQHandler
                0x000000000800b764       0x38 lib/libDaisy/build/libdaisy.a(spi.o)
                0x000000000800b764                DMA2_Stream3_IRQHandler
 .text.HAL_SPI_TxCpltCallback
                0x000000000800b79c       0xc4 lib/libDaisy/build/libdaisy.a(spi.o)
                0x000000000800b79c                HAL_SPI_TxCpltCallback
 .text.HAL_SPI_RxCpltCallback
                0x000000000800b860       0xc4 lib/libDaisy/build/libdaisy.a(spi.o)
                0x000000000800b860                HAL_SPI_RxCpltCallback
 .text.HAL_SPI_TxRxCpltCallback
                0x000000000800b924       0xc4 lib/libDaisy/build/libdaisy.a(spi.o)
                0x000000000800b924                HAL_SPI_TxRxCpltCallback
 .text.HAL_SPI_ErrorCallback
                0x000000000800b9e8       0xc8 lib/libDaisy/build/libdaisy.a(spi.o)
                0x000000000800b9e8                HAL_SPI_ErrorCallback
 .text.startup._GLOBAL__sub_I__Z19MapInstanceToHandleP11SPI_TypeDef
                0x000000000800bab0      0x1b0 lib/libDaisy/build/libdaisy.a(spi.o)
 .text.HAL_TIM_Base_MspInit
                0x000000000800bc60      0x1e0 lib/libDaisy/build/libdaisy.a(tim.o)
                0x000000000800bc60                HAL_TIM_Base_MspInit
 .text.HAL_TIM_PeriodElapsedCallback
                0x000000000800be40       0x44 lib/libDaisy/build/libdaisy.a(tim.o)
                0x000000000800be40                HAL_TIM_PeriodElapsedCallback
 .text.TIM2_IRQHandler
                0x000000000800be84        0xc lib/libDaisy/build/libdaisy.a(tim.o)
                0x000000000800be84                TIM2_IRQHandler
 .text.TIM3_IRQHandler
                0x000000000800be90        0xc lib/libDaisy/build/libdaisy.a(tim.o)
                0x000000000800be90                TIM3_IRQHandler
 .text.TIM4_IRQHandler
                0x000000000800be9c        0xc lib/libDaisy/build/libdaisy.a(tim.o)
                0x000000000800be9c                TIM4_IRQHandler
 .text.TIM5_IRQHandler
                0x000000000800bea8        0xc lib/libDaisy/build/libdaisy.a(tim.o)
                0x000000000800bea8                TIM5_IRQHandler
 .text._ZN5daisy11TimerHandle4InitERKNS0_6ConfigE
                0x000000000800beb4       0xd0 lib/libDaisy/build/libdaisy.a(tim.o)
                0x000000000800beb4                daisy::TimerHandle::Init(daisy::TimerHandle::Config const&)
 .text._ZN5daisy11TimerHandle5StartEv
                0x000000000800bf84       0x24 lib/libDaisy/build/libdaisy.a(tim.o)
                0x000000000800bf84                daisy::TimerHandle::Start()
 .text.startup._GLOBAL__sub_I__ZN5daisy11TimerHandle4Impl4InitERKNS0_6ConfigE
                0x000000000800bfa8       0x38 lib/libDaisy/build/libdaisy.a(tim.o)
 .text._ZN5daisy11UartHandler4Impl7InitDmaEbb
                0x000000000800bfe0      0x164 lib/libDaisy/build/libdaisy.a(uart.o)
                0x000000000800bfe0                daisy::UartHandler::Impl::InitDma(bool, bool)
 .text._ZN5daisy11UartHandler4Impl10HandleFifoEv
                0x000000000800c144       0xec lib/libDaisy/build/libdaisy.a(uart.o)
                0x000000000800c144                daisy::UartHandler::Impl::HandleFifo()
 .text._ZN5daisy11UartHandler4Impl10StartDmaTxEPhjPFvPvEPFvS3_NS0_6ResultEES3_
                0x000000000800c230       0xcc lib/libDaisy/build/libdaisy.a(uart.o)
                0x000000000800c230                daisy::UartHandler::Impl::StartDmaTx(unsigned char*, unsigned int, void (*)(void*), void (*)(void*, daisy::UartHandler::Result), void*)
 .text._ZN5daisy11UartHandler4Impl10StartDmaRxEPhjPFvPvEPFvS3_NS0_6ResultEES3_
                0x000000000800c2fc       0xcc lib/libDaisy/build/libdaisy.a(uart.o)
                0x000000000800c2fc                daisy::UartHandler::Impl::StartDmaRx(unsigned char*, unsigned int, void (*)(void*), void (*)(void*, daisy::UartHandler::Result), void*)
 .text._ZN5daisy11UartHandler4Impl19DmaTransferFinishedEP20__UART_HandleTypeDefNS0_6ResultE
                0x000000000800c3c8       0xc0 lib/libDaisy/build/libdaisy.a(uart.o)
                0x000000000800c3c8                daisy::UartHandler::Impl::DmaTransferFinished(__UART_HandleTypeDef*, daisy::UartHandler::Result)
 .text._ZN5daisy11UartHandler4Impl8InitPinsEv
                0x000000000800c488      0x150 lib/libDaisy/build/libdaisy.a(uart.o)
                0x000000000800c488                daisy::UartHandler::Impl::InitPins()
 .text.HAL_UART_MspInit
                0x000000000800c5d8      0x210 lib/libDaisy/build/libdaisy.a(uart.o)
                0x000000000800c5d8                HAL_UART_MspInit
 .text.dsy_uart_global_init
                0x000000000800c7e8       0xfc lib/libDaisy/build/libdaisy.a(uart.o)
                0x000000000800c7e8                dsy_uart_global_init
 .text.USART1_IRQHandler
                0x000000000800c8e4       0x30 lib/libDaisy/build/libdaisy.a(uart.o)
                0x000000000800c8e4                USART1_IRQHandler
 .text.USART2_IRQHandler
                0x000000000800c914       0x34 lib/libDaisy/build/libdaisy.a(uart.o)
                0x000000000800c914                USART2_IRQHandler
 .text.USART3_IRQHandler
                0x000000000800c948       0x34 lib/libDaisy/build/libdaisy.a(uart.o)
                0x000000000800c948                USART3_IRQHandler
 .text.UART4_IRQHandler
                0x000000000800c97c       0x34 lib/libDaisy/build/libdaisy.a(uart.o)
                0x000000000800c97c                UART4_IRQHandler
 .text.UART5_IRQHandler
                0x000000000800c9b0       0x34 lib/libDaisy/build/libdaisy.a(uart.o)
                0x000000000800c9b0                UART5_IRQHandler
 .text.USART6_IRQHandler
                0x000000000800c9e4       0x34 lib/libDaisy/build/libdaisy.a(uart.o)
                0x000000000800c9e4                USART6_IRQHandler
 .text.UART7_IRQHandler
                0x000000000800ca18       0x30 lib/libDaisy/build/libdaisy.a(uart.o)
                0x000000000800ca18                UART7_IRQHandler
 .text.UART8_IRQHandler
                0x000000000800ca48       0x34 lib/libDaisy/build/libdaisy.a(uart.o)
                0x000000000800ca48                UART8_IRQHandler
 .text.LPUART1_IRQHandler
                0x000000000800ca7c       0x34 lib/libDaisy/build/libdaisy.a(uart.o)
                0x000000000800ca7c                LPUART1_IRQHandler
 .text.DMA1_Stream5_IRQHandler
                0x000000000800cab0       0x34 lib/libDaisy/build/libdaisy.a(uart.o)
                0x000000000800cab0                DMA1_Stream5_IRQHandler
 .text.DMA2_Stream4_IRQHandler
                0x000000000800cae4       0x34 lib/libDaisy/build/libdaisy.a(uart.o)
                0x000000000800cae4                DMA2_Stream4_IRQHandler
 .text.HAL_UART_TxCpltCallback
                0x000000000800cb18        0x8 lib/libDaisy/build/libdaisy.a(uart.o)
                0x000000000800cb18                HAL_UART_TxCpltCallback
 .text.HAL_UART_RxCpltCallback
                0x000000000800cb20        0x8 lib/libDaisy/build/libdaisy.a(uart.o)
                0x000000000800cb20                HAL_UART_RxCpltCallback
 .text.HAL_UART_ErrorCallback
                0x000000000800cb28        0x8 lib/libDaisy/build/libdaisy.a(uart.o)
                0x000000000800cb28                HAL_UART_ErrorCallback
 .text.startup._GLOBAL__sub_I__Z19MapInstanceToHandleP13USART_TypeDef
                0x000000000800cb30      0x190 lib/libDaisy/build/libdaisy.a(uart.o)
 .text.dsy_dma_init
                0x000000000800ccc0      0x100 lib/libDaisy/build/libdaisy.a(dma.o)
                0x000000000800ccc0                dsy_dma_init
 .text.HAL_MDMA_Abort_IT
                0x000000000800cdc0       0x2c lib/libDaisy/build/libdaisy.a(stm32h7xx_hal_mdma.o)
                0x000000000800cdc0                HAL_MDMA_Abort_IT
 .text.SPI_CloseTransfer
                0x000000000800cdec       0xb8 lib/libDaisy/build/libdaisy.a(stm32h7xx_hal_spi.o)
 .text.HAL_SPI_Init
                0x000000000800cea4      0x15c lib/libDaisy/build/libdaisy.a(stm32h7xx_hal_spi.o)
                0x000000000800cea4                HAL_SPI_Init
 .text.HAL_SPI_Transmit_DMA
                0x000000000800d000      0x170 lib/libDaisy/build/libdaisy.a(stm32h7xx_hal_spi.o)
                0x000000000800d000                HAL_SPI_Transmit_DMA
 .text.HAL_SPI_TransmitReceive_DMA
                0x000000000800d170      0x218 lib/libDaisy/build/libdaisy.a(stm32h7xx_hal_spi.o)
                0x000000000800d170                HAL_SPI_TransmitReceive_DMA
 .text.HAL_SPI_Receive_DMA
                0x000000000800d388      0x1b4 lib/libDaisy/build/libdaisy.a(stm32h7xx_hal_spi.o)
                0x000000000800d388                HAL_SPI_Receive_DMA
 .text.SPI_DMATransmitCplt
                0x000000000800d53c       0x28 lib/libDaisy/build/libdaisy.a(stm32h7xx_hal_spi.o)
 .text.SPI_DMAReceiveCplt
                0x000000000800d564       0x28 lib/libDaisy/build/libdaisy.a(stm32h7xx_hal_spi.o)
 .text.SPI_DMATransmitReceiveCplt
                0x000000000800d58c       0x28 lib/libDaisy/build/libdaisy.a(stm32h7xx_hal_spi.o)
 .text.HAL_SPI_TxHalfCpltCallback
                0x000000000800d5b4        0x4 lib/libDaisy/build/libdaisy.a(stm32h7xx_hal_spi.o)
                0x000000000800d5b4                HAL_SPI_TxHalfCpltCallback
 .text.SPI_DMAHalfTransmitCplt
                0x000000000800d5b8        0xc lib/libDaisy/build/libdaisy.a(stm32h7xx_hal_spi.o)
 .text.HAL_SPI_RxHalfCpltCallback
                0x000000000800d5c4        0x4 lib/libDaisy/build/libdaisy.a(stm32h7xx_hal_spi.o)
                0x000000000800d5c4                HAL_SPI_RxHalfCpltCallback
 .text.SPI_DMAHalfReceiveCplt
                0x000000000800d5c8        0xc lib/libDaisy/build/libdaisy.a(stm32h7xx_hal_spi.o)
 .text.HAL_SPI_TxRxHalfCpltCallback
                0x000000000800d5d4        0x4 lib/libDaisy/build/libdaisy.a(stm32h7xx_hal_spi.o)
                0x000000000800d5d4                HAL_SPI_TxRxHalfCpltCallback
 .text.SPI_DMAHalfTransmitReceiveCplt
                0x000000000800d5d8        0xc lib/libDaisy/build/libdaisy.a(stm32h7xx_hal_spi.o)
 .text.SPI_DMAError
                0x000000000800d5e4       0xd8 lib/libDaisy/build/libdaisy.a(stm32h7xx_hal_spi.o)
 .text.HAL_SPI_IRQHandler
                0x000000000800d6bc      0x23c lib/libDaisy/build/libdaisy.a(stm32h7xx_hal_spi.o)
                0x000000000800d6bc                HAL_SPI_IRQHandler
 .text.SPI_DMAAbortOnError
                0x000000000800d8f8       0x1c lib/libDaisy/build/libdaisy.a(stm32h7xx_hal_spi.o)
 .text.HAL_SPI_GetState
                0x000000000800d914        0x8 lib/libDaisy/build/libdaisy.a(stm32h7xx_hal_spi.o)
                0x000000000800d914                HAL_SPI_GetState
 .text.HAL_TIM_Base_Init
                0x000000000800d91c      0x140 lib/libDaisy/build/libdaisy.a(stm32h7xx_hal_tim.o)
                0x000000000800d91c                HAL_TIM_Base_Init
 .text.HAL_TIM_Base_Start
                0x000000000800da5c       0x34 lib/libDaisy/build/libdaisy.a(stm32h7xx_hal_tim.o)
                0x000000000800da5c                HAL_TIM_Base_Start
 .text.HAL_TIM_Base_Start_IT
                0x000000000800da90       0x2c lib/libDaisy/build/libdaisy.a(stm32h7xx_hal_tim.o)
                0x000000000800da90                HAL_TIM_Base_Start_IT
 .text.HAL_TIM_ConfigClockSource
                0x000000000800dabc      0x17c lib/libDaisy/build/libdaisy.a(stm32h7xx_hal_tim.o)
                0x000000000800dabc                HAL_TIM_ConfigClockSource
 .text.HAL_TIM_OC_DelayElapsedCallback
                0x000000000800dc38        0x4 lib/libDaisy/build/libdaisy.a(stm32h7xx_hal_tim.o)
                0x000000000800dc38                HAL_TIM_OC_DelayElapsedCallback
 .text.HAL_TIM_IC_CaptureCallback
                0x000000000800dc3c        0x4 lib/libDaisy/build/libdaisy.a(stm32h7xx_hal_tim.o)
                0x000000000800dc3c                HAL_TIM_IC_CaptureCallback
 .text.HAL_TIM_PWM_PulseFinishedCallback
                0x000000000800dc40        0x4 lib/libDaisy/build/libdaisy.a(stm32h7xx_hal_tim.o)
                0x000000000800dc40                HAL_TIM_PWM_PulseFinishedCallback
 .text.HAL_TIM_TriggerCallback
                0x000000000800dc44        0x4 lib/libDaisy/build/libdaisy.a(stm32h7xx_hal_tim.o)
                0x000000000800dc44                HAL_TIM_TriggerCallback
 .text.HAL_TIM_IRQHandler
                0x000000000800dc48      0x170 lib/libDaisy/build/libdaisy.a(stm32h7xx_hal_tim.o)
                0x000000000800dc48                HAL_TIM_IRQHandler
 .text.HAL_TIMEx_MasterConfigSynchronization
                0x000000000800ddb8       0x64 lib/libDaisy/build/libdaisy.a(stm32h7xx_hal_tim_ex.o)
                0x000000000800ddb8                HAL_TIMEx_MasterConfigSynchronization
 .text.HAL_TIMEx_CommutCallback
                0x000000000800de1c        0x4 lib/libDaisy/build/libdaisy.a(stm32h7xx_hal_tim_ex.o)
                0x000000000800de1c                HAL_TIMEx_CommutCallback
 .text.HAL_TIMEx_BreakCallback
                0x000000000800de20        0x4 lib/libDaisy/build/libdaisy.a(stm32h7xx_hal_tim_ex.o)
                0x000000000800de20                HAL_TIMEx_BreakCallback
 .text.HAL_TIMEx_Break2Callback
                0x000000000800de24        0x4 lib/libDaisy/build/libdaisy.a(stm32h7xx_hal_tim_ex.o)
                0x000000000800de24                HAL_TIMEx_Break2Callback
 .text.HAL_UART_Transmit_DMA
                0x000000000800de28       0xa4 lib/libDaisy/build/libdaisy.a(stm32h7xx_hal_uart.o)
                0x000000000800de28                HAL_UART_Transmit_DMA
 .text.HAL_UART_Receive_DMA
                0x000000000800decc       0xac lib/libDaisy/build/libdaisy.a(stm32h7xx_hal_uart.o)
                0x000000000800decc                HAL_UART_Receive_DMA
 .text.UART_DMATransmitCplt
                0x000000000800df78       0x2c lib/libDaisy/build/libdaisy.a(stm32h7xx_hal_uart.o)
 .text.HAL_UART_TxHalfCpltCallback
                0x000000000800dfa4        0x4 lib/libDaisy/build/libdaisy.a(stm32h7xx_hal_uart.o)
                0x000000000800dfa4                HAL_UART_TxHalfCpltCallback
 .text.UART_DMATxHalfCplt
                0x000000000800dfa8        0xc lib/libDaisy/build/libdaisy.a(stm32h7xx_hal_uart.o)
 .text.UART_DMAReceiveCplt
                0x000000000800dfb4       0x38 lib/libDaisy/build/libdaisy.a(stm32h7xx_hal_uart.o)
 .text.HAL_UART_RxHalfCpltCallback
                0x000000000800dfec        0x4 lib/libDaisy/build/libdaisy.a(stm32h7xx_hal_uart.o)
                0x000000000800dfec                HAL_UART_RxHalfCpltCallback
 .text.UART_DMARxHalfCplt
                0x000000000800dff0        0xc lib/libDaisy/build/libdaisy.a(stm32h7xx_hal_uart.o)
 .text.UART_DMAError
                0x000000000800dffc       0x78 lib/libDaisy/build/libdaisy.a(stm32h7xx_hal_uart.o)
 .text.HAL_UART_IRQHandler
                0x000000000800e074      0x1d0 lib/libDaisy/build/libdaisy.a(stm32h7xx_hal_uart.o)
                0x000000000800e074                HAL_UART_IRQHandler
 .text.UART_DMAAbortOnError
                0x000000000800e244       0x14 lib/libDaisy/build/libdaisy.a(stm32h7xx_hal_uart.o)
 .text.HAL_UART_GetState
                0x000000000800e258        0xc lib/libDaisy/build/libdaisy.a(stm32h7xx_hal_uart.o)
                0x000000000800e258                HAL_UART_GetState
 .text.UART_SetConfig
                0x000000000800e264     0x14b8 lib/libDaisy/build/libdaisy.a(stm32h7xx_hal_uart.o)
                0x000000000800e264                UART_SetConfig
 .text.UART_AdvFeatureConfig
                0x000000000800f71c       0xb0 lib/libDaisy/build/libdaisy.a(stm32h7xx_hal_uart.o)
                0x000000000800f71c                UART_AdvFeatureConfig
 .text.UART_CheckIdleState
                0x000000000800f7cc       0x84 lib/libDaisy/build/libdaisy.a(stm32h7xx_hal_uart.o)
                0x000000000800f7cc                UART_CheckIdleState
 .text.HAL_UART_Init
                0x000000000800f850       0x68 lib/libDaisy/build/libdaisy.a(stm32h7xx_hal_uart.o)
                0x000000000800f850                HAL_UART_Init
 .text.HAL_UARTEx_WakeupCallback
                0x000000000800f8b8        0x4 lib/libDaisy/build/libdaisy.a(stm32h7xx_hal_uart_ex.o)
                0x000000000800f8b8                HAL_UARTEx_WakeupCallback
 .text.HAL_UARTEx_RxFifoFullCallback
                0x000000000800f8bc        0x4 lib/libDaisy/build/libdaisy.a(stm32h7xx_hal_uart_ex.o)
                0x000000000800f8bc                HAL_UARTEx_RxFifoFullCallback
 .text.HAL_UARTEx_TxFifoEmptyCallback
                0x000000000800f8c0        0x4 lib/libDaisy/build/libdaisy.a(stm32h7xx_hal_uart_ex.o)
                0x000000000800f8c0                HAL_UARTEx_TxFifoEmptyCallback
 .text._ZN7daisysp6Chorus4InitEf
                0x000000000800f8c4      0x194 lib/DaisySP/build/libdaisysp.a(chorus.o)
                0x000000000800f8c4                daisysp::Chorus::Init(float)
 .text._ZN7daisysp6Chorus7ProcessEf
                0x000000000800fa58      0x270 lib/DaisySP/build/libdaisysp.a(chorus.o)
                0x000000000800fa58                daisysp::Chorus::Process(float)
 .text._ZN7daisysp6Chorus11SetLfoDepthEf
                0x000000000800fcc8       0x38 lib/DaisySP/build/libdaisysp.a(chorus.o)
                0x000000000800fcc8                daisysp::Chorus::SetLfoDepth(float)
 .text._ZN7daisysp6Chorus10SetLfoFreqEf
                0x000000000800fd00       0x74 lib/DaisySP/build/libdaisysp.a(chorus.o)
                0x000000000800fd00                daisysp::Chorus::SetLfoFreq(float)
 .text._ZN7daisysp6Chorus8SetDelayEf
                0x000000000800fd74       0x60 lib/DaisySP/build/libdaisysp.a(chorus.o)
                0x000000000800fd74                daisysp::Chorus::SetDelay(float)
 .text._ZN7daisysp6Chorus11SetFeedbackEf
                0x000000000800fdd4       0x24 lib/DaisySP/build/libdaisysp.a(chorus.o)
                0x000000000800fdd4                daisysp::Chorus::SetFeedback(float)
 .text._ZN7daisysp9Overdrive7ProcessEf
                0x000000000800fdf8       0x6c lib/DaisySP/build/libdaisysp.a(overdrive.o)
                0x000000000800fdf8                daisysp::Overdrive::Process(float)
 .text._ZN7daisysp9Overdrive8SetDriveEf
                0x000000000800fe64       0xc0 lib/DaisySP/build/libdaisysp.a(overdrive.o)
                0x000000000800fe64                daisysp::Overdrive::SetDrive(float)
 .text.__aeabi_atexit
                0x000000000800ff24        0xa /Library/DaisyToolchain/0.1.3-ARM/arm/bin/../lib/gcc/arm-none-eabi/10.3.1/../../../../arm-none-eabi/lib/thumb/v7e-m+dp/hard/libstdc++_nano.a(atexit_arm.o)
                0x000000000800ff24                __aeabi_atexit
 .text._Znaj    0x000000000800ff2e        0x4 /Library/DaisyToolchain/0.1.3-ARM/arm/bin/../lib/gcc/arm-none-eabi/10.3.1/../../../../arm-none-eabi/lib/thumb/v7e-m+dp/hard/libstdc++_nano.a(new_opv.o)
                0x000000000800ff2e                operator new[](unsigned int)
 .text._Znwj    0x000000000800ff32       0x22 /Library/DaisyToolchain/0.1.3-ARM/arm/bin/../lib/gcc/arm-none-eabi/10.3.1/../../../../arm-none-eabi/lib/thumb/v7e-m+dp/hard/libstdc++_nano.a(new_op.o)
                0x000000000800ff32                operator new(unsigned int)
 .text._ZSt15get_new_handlerv
                0x000000000800ff54       0x10 /Library/DaisyToolchain/0.1.3-ARM/arm/bin/../lib/gcc/arm-none-eabi/10.3.1/../../../../arm-none-eabi/lib/thumb/v7e-m+dp/hard/libstdc++_nano.a(new_handler.o)
                0x000000000800ff54                std::get_new_handler()
 *fill*         0x000000000800ff64        0x4 
 .text.cosf     0x000000000800ff68      0x1bc /Library/DaisyToolchain/0.1.3-ARM/arm/bin/../lib/gcc/arm-none-eabi/10.3.1/../../../../arm-none-eabi/lib/thumb/v7e-m+dp/hard/libm.a(lib_a-cosf.o)
                0x000000000800ff68                cosf
 .text.with_errnof
                0x0000000008010124       0x18 /Library/DaisyToolchain/0.1.3-ARM/arm/bin/../lib/gcc/arm-none-eabi/10.3.1/../../../../arm-none-eabi/lib/thumb/v7e-m+dp/hard/libm.a(lib_a-math_errf.o)
 .text.__math_invalidf
                0x000000000801013c       0x20 /Library/DaisyToolchain/0.1.3-ARM/arm/bin/../lib/gcc/arm-none-eabi/10.3.1/../../../../arm-none-eabi/lib/thumb/v7e-m+dp/hard/libm.a(lib_a-math_errf.o)
                0x000000000801013c                __math_invalidf
 *fill*         0x000000000801015c        0x4 
 .text.sinf     0x0000000008010160      0x20c /Library/DaisyToolchain/0.1.3-ARM/arm/bin/../lib/gcc/arm-none-eabi/10.3.1/../../../../arm-none-eabi/lib/thumb/v7e-m+dp/hard/libm.a(lib_a-sinf.o)
                0x0000000008010160                sinf
 .text.abort    0x000000000801036c        0xe /Library/DaisyToolchain/0.1.3-ARM/arm/bin/../lib/gcc/arm-none-eabi/10.3.1/../../../../arm-none-eabi/lib/thumb/v7e-m+dp/hard/libc_nano.a(lib_a-abort.o)
                0x000000000801036c                abort
 *fill*         0x000000000801037a        0x2 
 .text.__cxa_atexit
                0x000000000801037c       0x1c /Library/DaisyToolchain/0.1.3-ARM/arm/bin/../lib/gcc/arm-none-eabi/10.3.1/../../../../arm-none-eabi/lib/thumb/v7e-m+dp/hard/libc_nano.a(lib_a-cxa_atexit.o)
                0x000000000801037c                __cxa_atexit
 .text.__errno  0x0000000008010398        0xc /Library/DaisyToolchain/0.1.3-ARM/arm/bin/../lib/gcc/arm-none-eabi/10.3.1/../../../../arm-none-eabi/lib/thumb/v7e-m+dp/hard/libc_nano.a(lib_a-errno.o)
                0x0000000008010398                __errno
 .text.__libc_init_array
                0x00000000080103a4       0x48 /Library/DaisyToolchain/0.1.3-ARM/arm/bin/../lib/gcc/arm-none-eabi/10.3.1/../../../../arm-none-eabi/lib/thumb/v7e-m+dp/hard/libc_nano.a(lib_a-init.o)
                0x00000000080103a4                __libc_init_array
 .text.malloc   0x00000000080103ec       0x10 /Library/DaisyToolchain/0.1.3-ARM/arm/bin/../lib/gcc/arm-none-eabi/10.3.1/../../../../arm-none-eabi/lib/thumb/v7e-m+dp/hard/libc_nano.a(lib_a-malloc.o)
                0x00000000080103ec                malloc
 .text.memcpy   0x00000000080103fc       0x1c /Library/DaisyToolchain/0.1.3-ARM/arm/bin/../lib/gcc/arm-none-eabi/10.3.1/../../../../arm-none-eabi/lib/thumb/v7e-m+dp/hard/libc_nano.a(lib_a-memcpy-stub.o)
                0x00000000080103fc                memcpy
 .text.memset   0x0000000008010418       0x10 /Library/DaisyToolchain/0.1.3-ARM/arm/bin/../lib/gcc/arm-none-eabi/10.3.1/../../../../arm-none-eabi/lib/thumb/v7e-m+dp/hard/libc_nano.a(lib_a-memset.o)
                0x0000000008010418                memset
 .text.sbrk_aligned
                0x0000000008010428       0x40 /Library/DaisyToolchain/0.1.3-ARM/arm/bin/../lib/gcc/arm-none-eabi/10.3.1/../../../../arm-none-eabi/lib/thumb/v7e-m+dp/hard/libc_nano.a(lib_a-nano-mallocr.o)
 .text._malloc_r
                0x0000000008010468       0xe8 /Library/DaisyToolchain/0.1.3-ARM/arm/bin/../lib/gcc/arm-none-eabi/10.3.1/../../../../arm-none-eabi/lib/thumb/v7e-m+dp/hard/libc_nano.a(lib_a-nano-mallocr.o)
                0x0000000008010468                _malloc_r
 .text._sbrk_r  0x0000000008010550       0x20 /Library/DaisyToolchain/0.1.3-ARM/arm/bin/../lib/gcc/arm-none-eabi/10.3.1/../../../../arm-none-eabi/lib/thumb/v7e-m+dp/hard/libc_nano.a(lib_a-sbrkr.o)
                0x0000000008010550                _sbrk_r
 .text._raise_r
                0x0000000008010570       0x50 /Library/DaisyToolchain/0.1.3-ARM/arm/bin/../lib/gcc/arm-none-eabi/10.3.1/../../../../arm-none-eabi/lib/thumb/v7e-m+dp/hard/libc_nano.a(lib_a-signal.o)
                0x0000000008010570                _raise_r
 .text.raise    0x00000000080105c0       0x10 /Library/DaisyToolchain/0.1.3-ARM/arm/bin/../lib/gcc/arm-none-eabi/10.3.1/../../../../arm-none-eabi/lib/thumb/v7e-m+dp/hard/libc_nano.a(lib_a-signal.o)
                0x00000000080105c0                raise
 .text._kill_r  0x00000000080105d0       0x24 /Library/DaisyToolchain/0.1.3-ARM/arm/bin/../lib/gcc/arm-none-eabi/10.3.1/../../../../arm-none-eabi/lib/thumb/v7e-m+dp/hard/libc_nano.a(lib_a-signalr.o)
                0x00000000080105d0                _kill_r
 .text._getpid_r
                0x00000000080105f4        0x4 /Library/DaisyToolchain/0.1.3-ARM/arm/bin/../lib/gcc/arm-none-eabi/10.3.1/../../../../arm-none-eabi/lib/thumb/v7e-m+dp/hard/libc_nano.a(lib_a-signalr.o)
                0x00000000080105f4                _getpid_r
 .text.__retarget_lock_acquire_recursive
                0x00000000080105f8        0x2 /Library/DaisyToolchain/0.1.3-ARM/arm/bin/../lib/gcc/arm-none-eabi/10.3.1/../../../../arm-none-eabi/lib/thumb/v7e-m+dp/hard/libc_nano.a(lib_a-lock.o)
                0x00000000080105f8                __retarget_lock_acquire_recursive
 .text.__retarget_lock_release_recursive
                0x00000000080105fa        0x2 /Library/DaisyToolchain/0.1.3-ARM/arm/bin/../lib/gcc/arm-none-eabi/10.3.1/../../../../arm-none-eabi/lib/thumb/v7e-m+dp/hard/libc_nano.a(lib_a-lock.o)
                0x00000000080105fa                __retarget_lock_release_recursive
 .text.__malloc_lock
                0x00000000080105fc        0xc /Library/DaisyToolchain/0.1.3-ARM/arm/bin/../lib/gcc/arm-none-eabi/10.3.1/../../../../arm-none-eabi/lib/thumb/v7e-m+dp/hard/libc_nano.a(lib_a-mlock.o)
                0x00000000080105fc                __malloc_lock
 .text.__malloc_unlock
                0x0000000008010608        0xc /Library/DaisyToolchain/0.1.3-ARM/arm/bin/../lib/gcc/arm-none-eabi/10.3.1/../../../../arm-none-eabi/lib/thumb/v7e-m+dp/hard/libc_nano.a(lib_a-mlock.o)
                0x0000000008010608                __malloc_unlock
 .text._getpid  0x0000000008010614       0x10 /Library/DaisyToolchain/0.1.3-ARM/arm/bin/../lib/gcc/arm-none-eabi/10.3.1/../../../../arm-none-eabi/lib/thumb/v7e-m+dp/hard/libnosys.a(getpid.o)
                0x0000000008010614                _getpid
 .text._kill    0x0000000008010624       0x10 /Library/DaisyToolchain/0.1.3-ARM/arm/bin/../lib/gcc/arm-none-eabi/10.3.1/../../../../arm-none-eabi/lib/thumb/v7e-m+dp/hard/libnosys.a(kill.o)
                0x0000000008010624                _kill
 .text._sbrk    0x0000000008010634       0x1c /Library/DaisyToolchain/0.1.3-ARM/arm/bin/../lib/gcc/arm-none-eabi/10.3.1/../../../../arm-none-eabi/lib/thumb/v7e-m+dp/hard/libnosys.a(sbrk.o)
                0x0000000008010634                _sbrk
 .text._exit    0x0000000008010650        0x4 /Library/DaisyToolchain/0.1.3-ARM/arm/bin/../lib/gcc/arm-none-eabi/10.3.1/../../../../arm-none-eabi/lib/thumb/v7e-m+dp/hard/libnosys.a(_exit.o)
                0x0000000008010650                _exit
 *(.rodata)
 .rodata        0x0000000008010654       0x10 lib/libDaisy/build/libdaisy.a(i2c.o)
 .rodata        0x0000000008010664       0x10 lib/libDaisy/build/libdaisy.a(tim.o)
 .rodata        0x0000000008010674       0x12 lib/libDaisy/build/libdaisy.a(uart.o)
 *(.rodata*)
 *fill*         0x0000000008010686        0x2 
 .rodata.CSWTCH.35
                0x0000000008010688        0x3 lib/libDaisy/build/libdaisy.a(sai.o)
 *fill*         0x000000000801068b        0x1 
 .rodata.CSWTCH.36
                0x000000000801068c        0xc lib/libDaisy/build/libdaisy.a(sai.o)
 .rodata.CSWTCH.44
                0x0000000008010698       0x14 lib/libDaisy/build/libdaisy.a(sai.o)
 .rodata.D1CorePrescTable
                0x00000000080106ac       0x10 lib/libDaisy/build/libdaisy.a(system_stm32h7xx.o)
                0x00000000080106ac                D1CorePrescTable
 .rodata.CSWTCH.24
                0x00000000080106bc        0x4 lib/libDaisy/build/libdaisy.a(usbd_conf.o)
 .rodata.CSWTCH.19
                0x00000000080106c0        0x4 lib/libDaisy/build/libdaisy.a(usbh_conf.o)
 .rodata.gpio_hal_pin_map
                0x00000000080106c4       0x20 lib/libDaisy/build/libdaisy.a(hal_map.o)
 .rodata.gpio_hal_port_map
                0x00000000080106e4       0x30 lib/libDaisy/build/libdaisy.a(hal_map.o)
 .rodata.flagBitshiftOffset.0
                0x0000000008010714        0x8 lib/libDaisy/build/libdaisy.a(stm32h7xx_hal_dma.o)
 .rodata._ZL13pins_none_spi
                0x000000000801071c        0x3 lib/libDaisy/build/libdaisy.a(spi.o)
 *fill*         0x000000000801071f        0x1 
 .rodata._ZL16pins_periphs_spi
                0x0000000008010720       0x60 lib/libDaisy/build/libdaisy.a(spi.o)
 .rodata.CSWTCH.418
                0x0000000008010780       0x29 lib/libDaisy/build/libdaisy.a(stm32h7xx_hal_uart.o)
 *fill*         0x00000000080107a9        0x3 
 .rodata.CSWTCH.419
                0x00000000080107ac        0x6 lib/libDaisy/build/libdaisy.a(stm32h7xx_hal_uart.o)
 *fill*         0x00000000080107b2        0x2 
 .rodata.CSWTCH.426
                0x00000000080107b4        0x6 lib/libDaisy/build/libdaisy.a(stm32h7xx_hal_uart.o)
 *fill*         0x00000000080107ba        0x2 
 .rodata.__inv_pio4